ratio_edge_cases.log created successfully
============================================

ABB Dec 2012 | ROE Difference=12.49% | Category: Version Difference
ABB Dec 2012 | ROCE Difference=23.59% | Category: Formula Difference
ABB Mar 2014 | ROE Difference=9.77% | Category: Version Difference
ABB Mar 2014 | ROCE Difference=20.87% | Category: Formula Difference
ABB Mar 2014 | ROE Difference=9.77% | Category: Version Difference
ABB Mar 2014 | ROCE Difference=20.87% | Category: Formula Difference
ABB Mar 2015 | ROE Difference=10.46% | Category: Version Difference
ABB Mar 2015 | ROCE Difference=21.56% | Category: Formula Difference
ABB Mar 2015 | ROE Difference=10.46% | Category: Version Difference
ABB Mar 2015 | ROCE Difference=21.56% | Category: Formula Difference
ABB Mar 2016 | ROE Difference=13.56% | Category: Version Difference
ABB Mar 2016 | ROCE Difference=24.66% | Category: Formula Difference
ABB Mar 2016 | ROE Difference=13.56% | Category: Version Difference
ABB Mar 2016 | ROCE Difference=24.66% | Category: Formula Difference
ABB Mar 2017 | ROE Difference=14.93% | Category: Version Difference
ABB Mar 2017 | ROCE Difference=26.03% | Category: Formula Difference
ABB Mar 2017 | ROE Difference=14.93% | Category: Version Difference
ABB Mar 2017 | ROCE Difference=26.03% | Category: Formula Difference
ABB Mar 2018 | ROE Difference=11.21% | Category: Version Difference
ABB Mar 2018 | ROCE Difference=22.31% | Category: Formula Difference
ABB Mar 2018 | ROE Difference=11.21% | Category: Version Difference
ABB Mar 2018 | ROCE Difference=22.31% | Category: Formula Difference
ABB Mar 2019 | ROE Difference=12.49% | Category: Version Difference
ABB Mar 2019 | ROCE Difference=23.59% | Category: Formula Difference
ABB Mar 2019 | ROE Difference=12.49% | Category: Version Difference
ABB Mar 2019 | ROCE Difference=23.59% | Category: Formula Difference
ABB Mar 2020 | ROE Difference=10.51% | Category: Version Difference
ABB Mar 2020 | ROCE Difference=21.61% | Category: Formula Difference
ABB Mar 2020 | ROE Difference=10.51% | Category: Version Difference
ABB Mar 2020 | ROCE Difference=21.61% | Category: Formula Difference
ABB Mar 2021 | ROE Difference=8.34% | Category: Version Difference
ABB Mar 2021 | ROCE Difference=19.44% | Category: Formula Difference
ABB Mar 2021 | ROE Difference=8.34% | Category: Version Difference
ABB Mar 2021 | ROCE Difference=19.44% | Category: Formula Difference
ABB Mar 2022 | ROE Difference=6.57% | Category: Version Difference
ABB Mar 2022 | ROCE Difference=17.67% | Category: Formula Difference
ABB Mar 2022 | ROE Difference=6.57% | Category: Version Difference
ABB Mar 2022 | ROCE Difference=17.67% | Category: Formula Difference
ABB Mar 2023 | ROE Difference=5.13% | Category: Version Difference
ABB Mar 2023 | ROCE Difference=16.23% | Category: Formula Difference
ABB Mar 2023 | ROE Difference=5.13% | Category: Version Difference
ABB Mar 2023 | ROCE Difference=16.23% | Category: Formula Difference
ABB Mar 2024 | ROCE Difference=13.53% | Category: Formula Difference
ABB Mar 2024 | ROCE Difference=13.53% | Category: Formula Difference
ADANIENSOL Mar 2014 | ROE Difference=8.59% | Category: Version Difference
ADANIENSOL Mar 2014 | ROCE Difference=9.00% | Category: Formula Difference
ADANIENSOL Mar 2015 | ROE Difference=9.24% | Category: Version Difference
ADANIENSOL Mar 2015 | ROCE Difference=9.65% | Category: Formula Difference
ADANIENSOL Mar 2016 | ROE Difference=5.18% | Category: Version Difference
ADANIENSOL Mar 2017 | ROE Difference=5.53% | Category: Version Difference
ADANIENSOL Mar 2017 | ROCE Difference=5.12% | Category: Formula Difference
ADANIENSOL Mar 2018 | ROE Difference=10.28% | Category: Version Difference
ADANIENSOL Mar 2018 | ROCE Difference=9.87% | Category: Formula Difference
ADANIENSOL Mar 2021 | ROE Difference=5.87% | Category: Version Difference
ADANIENSOL Mar 2021 | ROCE Difference=5.46% | Category: Formula Difference
ADANIENT Mar 2013 | ROE Difference=7.95% | Category: Version Difference
ADANIENT Mar 2013 | ROCE Difference=5.91% | Category: Formula Difference
ADANIENT Mar 2016 | ROE Difference=6.17% | Category: Version Difference
ADANIENT Mar 2017 | ROE Difference=7.10% | Category: Version Difference
ADANIENT Mar 2017 | ROCE Difference=5.06% | Category: Formula Difference
ADANIENT Mar 2018 | ROE Difference=9.70% | Category: Version Difference
ADANIENT Mar 2018 | ROCE Difference=7.66% | Category: Formula Difference
ADANIENT Mar 2019 | ROE Difference=10.21% | Category: Version Difference
ADANIENT Mar 2019 | ROCE Difference=8.17% | Category: Formula Difference
ADANIENT Mar 2020 | ROE Difference=7.50% | Category: Version Difference
ADANIENT Mar 2020 | ROCE Difference=5.46% | Category: Formula Difference
ADANIENT Mar 2021 | ROE Difference=7.54% | Category: Version Difference
ADANIENT Mar 2021 | ROCE Difference=5.50% | Category: Formula Difference
ADANIENT Mar 2022 | ROE Difference=10.10% | Category: Version Difference
ADANIENT Mar 2022 | ROCE Difference=8.06% | Category: Formula Difference
ADANIENT Mar 2023 | ROE Difference=6.31% | Category: Version Difference
ADANIENT Mar 2024 | ROE Difference=5.11% | Category: Version Difference
ADANIGREEN Mar 2017 | ROE Difference=18.61% | Category: Version Difference
ADANIGREEN Mar 2017 | ROCE Difference=100.41% | Category: Formula Difference
ADANIGREEN Mar 2018 | ROE Difference=24.99% | Category: Version Difference
ADANIGREEN Mar 2018 | ROCE Difference=106.79% | Category: Formula Difference
ADANIGREEN Mar 2019 | ROE Difference=39.27% | Category: Version Difference
ADANIGREEN Mar 2019 | ROCE Difference=121.07% | Category: Formula Difference
ADANIGREEN Mar 2020 | ROE Difference=17.59% | Category: Version Difference
ADANIGREEN Mar 2020 | ROCE Difference=99.39% | Category: Formula Difference
ADANIGREEN Mar 2021 | ROE Difference=6.43% | Category: Version Difference
ADANIGREEN Mar 2021 | ROCE Difference=88.23% | Category: Formula Difference
ADANIGREEN Mar 2022 | ROCE Difference=77.79% | Category: Formula Difference
ADANIGREEN Mar 2023 | ROCE Difference=83.18% | Category: Formula Difference
ADANIGREEN Mar 2024 | ROCE Difference=83.69% | Category: Formula Difference
ADANIPORTS Mar 2013 | ROE Difference=7.53% | Category: Version Difference
ADANIPORTS Mar 2013 | ROCE Difference=12.73% | Category: Formula Difference
ADANIPORTS Mar 2014 | ROCE Difference=6.96% | Category: Formula Difference
ADANIPORTS Mar 2015 | ROCE Difference=8.69% | Category: Formula Difference
ADANIPORTS Mar 2016 | ROCE Difference=8.25% | Category: Formula Difference
ADANIPORTS Mar 2017 | ROCE Difference=9.36% | Category: Formula Difference
ADANIPORTS Mar 2022 | ROE Difference=6.26% | Category: Version Difference
ADANIPORTS Mar 2023 | ROE Difference=6.22% | Category: Version Difference
ADANIPORTS Mar 2013 | ROE Difference=7.53% | Category: Version Difference
ADANIPORTS Mar 2013 | ROCE Difference=12.73% | Category: Formula Difference
ADANIPORTS Mar 2014 | ROCE Difference=6.96% | Category: Formula Difference
ADANIPORTS Mar 2015 | ROCE Difference=8.69% | Category: Formula Difference
ADANIPORTS Mar 2016 | ROCE Difference=8.25% | Category: Formula Difference
ADANIPORTS Mar 2017 | ROCE Difference=9.36% | Category: Formula Difference
ADANIPORTS Mar 2022 | ROE Difference=6.26% | Category: Version Difference
ADANIPORTS Mar 2023 | ROE Difference=6.22% | Category: Version Difference
ADANIPOWER Mar 2013 | ROE Difference=110.56% | Category: Version Difference
ADANIPOWER Mar 2013 | ROCE Difference=85.66% | Category: Formula Difference
ADANIPOWER Mar 2014 | ROE Difference=61.55% | Category: Version Difference
ADANIPOWER Mar 2014 | ROCE Difference=36.65% | Category: Formula Difference
ADANIPOWER Mar 2015 | ROE Difference=71.35% | Category: Version Difference
ADANIPOWER Mar 2015 | ROCE Difference=46.45% | Category: Formula Difference
ADANIPOWER Mar 2016 | ROE Difference=49.72% | Category: Version Difference
ADANIPOWER Mar 2016 | ROCE Difference=24.82% | Category: Formula Difference
ADANIPOWER Mar 2017 | ROE Difference=262.90% | Category: Version Difference
ADANIPOWER Mar 2017 | ROCE Difference=238.00% | Category: Formula Difference
ADANIPOWER Mar 2018 | ROE Difference=293.66% | Category: Version Difference
ADANIPOWER Mar 2018 | ROCE Difference=268.76% | Category: Formula Difference
ADANIPOWER Mar 2019 | ROE Difference=69.86% | Category: Version Difference
ADANIPOWER Mar 2019 | ROCE Difference=44.96% | Category: Formula Difference
ADANIPOWER Mar 2020 | ROE Difference=92.20% | Category: Version Difference
ADANIPOWER Mar 2020 | ROCE Difference=67.30% | Category: Formula Difference
ADANIPOWER Mar 2021 | ROE Difference=47.41% | Category: Version Difference
ADANIPOWER Mar 2021 | ROCE Difference=22.51% | Category: Formula Difference
ADANIPOWER Mar 2022 | ROE Difference=30.49% | Category: Version Difference
ADANIPOWER Mar 2022 | ROCE Difference=5.59% | Category: Formula Difference
ADANIPOWER Mar 2023 | ROE Difference=21.19% | Category: Version Difference
ADANIPOWER Mar 2024 | ROE Difference=8.82% | Category: Version Difference
ADANIPOWER Mar 2024 | ROCE Difference=16.08% | Category: Formula Difference
AMBUJACEM Dec 2012 | ROE Difference=5.45% | Category: Version Difference
AMBUJACEM Dec 2014 | ROE Difference=5.53% | Category: Version Difference
AMBUJACEM Dec 2016 | ROCE Difference=5.57% | Category: Formula Difference
AMBUJACEM Dec 2021 | ROE Difference=5.40% | Category: Version Difference
APOLLOHOSP Mar 2013 | ROCE Difference=6.17% | Category: Formula Difference
APOLLOHOSP Mar 2014 | ROCE Difference=6.62% | Category: Formula Difference
APOLLOHOSP Mar 2015 | ROCE Difference=6.64% | Category: Formula Difference
APOLLOHOSP Mar 2016 | ROE Difference=6.76% | Category: Version Difference
APOLLOHOSP Mar 2016 | ROCE Difference=10.15% | Category: Formula Difference
APOLLOHOSP Mar 2017 | ROE Difference=9.86% | Category: Version Difference
APOLLOHOSP Mar 2017 | ROCE Difference=13.25% | Category: Formula Difference
APOLLOHOSP Mar 2018 | ROE Difference=11.96% | Category: Version Difference
APOLLOHOSP Mar 2018 | ROCE Difference=15.35% | Category: Formula Difference
APOLLOHOSP Mar 2019 | ROE Difference=7.81% | Category: Version Difference
APOLLOHOSP Mar 2019 | ROCE Difference=11.20% | Category: Formula Difference
APOLLOHOSP Mar 2021 | ROE Difference=10.83% | Category: Version Difference
APOLLOHOSP Mar 2021 | ROCE Difference=14.22% | Category: Formula Difference
APOLLOHOSP Mar 2022 | ROE Difference=5.89% | Category: Version Difference
ASIANPAINT Mar 2013 | ROCE Difference=7.47% | Category: Formula Difference
ASIANPAINT Mar 2013 | ROCE Difference=7.47% | Category: Formula Difference
ASIANPAINT Mar 2014 | ROCE Difference=10.48% | Category: Formula Difference
ASIANPAINT Mar 2014 | ROCE Difference=10.48% | Category: Formula Difference
ASIANPAINT Mar 2015 | ROCE Difference=11.66% | Category: Formula Difference
ASIANPAINT Mar 2015 | ROCE Difference=11.66% | Category: Formula Difference
ASIANPAINT Mar 2016 | ROCE Difference=14.12% | Category: Formula Difference
ASIANPAINT Mar 2016 | ROCE Difference=14.12% | Category: Formula Difference
ASIANPAINT Mar 2017 | ROCE Difference=15.24% | Category: Formula Difference
ASIANPAINT Mar 2017 | ROCE Difference=15.24% | Category: Formula Difference
ASIANPAINT Mar 2018 | ROE Difference=6.50% | Category: Version Difference
ASIANPAINT Mar 2018 | ROCE Difference=16.80% | Category: Formula Difference
ASIANPAINT Mar 2018 | ROE Difference=6.50% | Category: Version Difference
ASIANPAINT Mar 2018 | ROCE Difference=16.80% | Category: Formula Difference
ASIANPAINT Mar 2019 | ROE Difference=8.14% | Category: Version Difference
ASIANPAINT Mar 2019 | ROCE Difference=18.44% | Category: Formula Difference
ASIANPAINT Mar 2019 | ROE Difference=8.14% | Category: Version Difference
ASIANPAINT Mar 2019 | ROCE Difference=18.44% | Category: Formula Difference
ASIANPAINT Mar 2020 | ROCE Difference=14.37% | Category: Formula Difference
ASIANPAINT Mar 2020 | ROCE Difference=14.37% | Category: Formula Difference
ASIANPAINT Mar 2021 | ROE Difference=6.41% | Category: Version Difference
ASIANPAINT Mar 2021 | ROCE Difference=16.71% | Category: Formula Difference
ASIANPAINT Mar 2021 | ROE Difference=6.41% | Category: Version Difference
ASIANPAINT Mar 2021 | ROCE Difference=16.71% | Category: Formula Difference
ASIANPAINT Mar 2022 | ROE Difference=9.11% | Category: Version Difference
ASIANPAINT Mar 2022 | ROCE Difference=19.41% | Category: Formula Difference
ASIANPAINT Mar 2022 | ROE Difference=9.11% | Category: Version Difference
ASIANPAINT Mar 2022 | ROCE Difference=19.41% | Category: Formula Difference
ASIANPAINT Mar 2023 | ROE Difference=5.22% | Category: Version Difference
ASIANPAINT Mar 2023 | ROCE Difference=15.52% | Category: Formula Difference
ASIANPAINT Mar 2023 | ROE Difference=5.22% | Category: Version Difference
ASIANPAINT Mar 2023 | ROCE Difference=15.52% | Category: Formula Difference
ASIANPAINT Mar 2024 | ROCE Difference=12.07% | Category: Formula Difference
ASIANPAINT Mar 2024 | ROCE Difference=12.07% | Category: Formula Difference
BAJAJ-AUTO Mar 2013 | ROE Difference=12.35% | Category: Version Difference
BAJAJ-AUTO Mar 2013 | ROCE Difference=5.35% | Category: Formula Difference
BAJAJ-AUTO Mar 2013 | ROE Difference=12.35% | Category: Version Difference
BAJAJ-AUTO Mar 2013 | ROCE Difference=5.35% | Category: Formula Difference
BAJAJ-AUTO Mar 2014 | ROE Difference=6.74% | Category: Version Difference
BAJAJ-AUTO Mar 2014 | ROE Difference=6.74% | Category: Version Difference
BAJAJ-AUTO Mar 2015 | ROCE Difference=6.23% | Category: Formula Difference
BAJAJ-AUTO Mar 2015 | ROCE Difference=6.23% | Category: Formula Difference
BAJAJ-AUTO Mar 2017 | ROCE Difference=10.66% | Category: Formula Difference
BAJAJ-AUTO Mar 2017 | ROCE Difference=10.66% | Category: Formula Difference
BAJAJ-AUTO Mar 2018 | ROE Difference=5.84% | Category: Version Difference
BAJAJ-AUTO Mar 2018 | ROCE Difference=12.84% | Category: Formula Difference
BAJAJ-AUTO Mar 2018 | ROE Difference=5.84% | Category: Version Difference
BAJAJ-AUTO Mar 2018 | ROCE Difference=12.84% | Category: Formula Difference
BAJAJ-AUTO Mar 2019 | ROE Difference=5.29% | Category: Version Difference
BAJAJ-AUTO Mar 2019 | ROCE Difference=12.29% | Category: Formula Difference
BAJAJ-AUTO Mar 2019 | ROE Difference=5.29% | Category: Version Difference
BAJAJ-AUTO Mar 2019 | ROCE Difference=12.29% | Category: Formula Difference
BAJAJ-AUTO Mar 2020 | ROCE Difference=9.44% | Category: Formula Difference
BAJAJ-AUTO Mar 2020 | ROCE Difference=9.44% | Category: Formula Difference
BAJAJ-AUTO Mar 2021 | ROE Difference=8.69% | Category: Version Difference
BAJAJ-AUTO Mar 2021 | ROCE Difference=15.69% | Category: Formula Difference
BAJAJ-AUTO Mar 2021 | ROE Difference=8.69% | Category: Version Difference
BAJAJ-AUTO Mar 2021 | ROCE Difference=15.69% | Category: Formula Difference
BAJAJ-AUTO Mar 2022 | ROE Difference=5.85% | Category: Version Difference
BAJAJ-AUTO Mar 2022 | ROCE Difference=12.85% | Category: Formula Difference
BAJAJ-AUTO Mar 2022 | ROE Difference=5.85% | Category: Version Difference
BAJAJ-AUTO Mar 2022 | ROCE Difference=12.85% | Category: Formula Difference
BAJAJ-AUTO Mar 2023 | ROE Difference=5.86% | Category: Version Difference
BAJAJ-AUTO Mar 2023 | ROCE Difference=12.86% | Category: Formula Difference
BAJAJ-AUTO Mar 2023 | ROE Difference=5.86% | Category: Version Difference
BAJAJ-AUTO Mar 2023 | ROCE Difference=12.86% | Category: Formula Difference
BAJAJ-AUTO Mar 2024 | ROCE Difference=6.89% | Category: Formula Difference
BAJAJ-AUTO Mar 2024 | ROCE Difference=6.89% | Category: Formula Difference
AXISBANK Mar 2013 | ROCE Difference=8.56% | Category: Formula Difference
AXISBANK Mar 2014 | ROCE Difference=9.13% | Category: Formula Difference
AXISBANK Mar 2015 | ROCE Difference=9.31% | Category: Formula Difference
AXISBANK Mar 2016 | ROCE Difference=8.30% | Category: Formula Difference
AXISBANK Mar 2017 | ROE Difference=11.87% | Category: Version Difference
AXISBANK Mar 2018 | ROE Difference=17.97% | Category: Version Difference
AXISBANK Mar 2018 | ROCE Difference=6.63% | Category: Formula Difference
AXISBANK Mar 2019 | ROE Difference=11.50% | Category: Version Difference
AXISBANK Mar 2020 | ROE Difference=16.52% | Category: Version Difference
AXISBANK Mar 2020 | ROCE Difference=5.18% | Category: Formula Difference
AXISBANK Mar 2021 | ROE Difference=12.04% | Category: Version Difference
AXISBANK Mar 2022 | ROE Difference=7.39% | Category: Version Difference
AXISBANK Mar 2023 | ROE Difference=11.02% | Category: Version Difference
AXISBANK Mar 2024 | ROCE Difference=8.77% | Category: Formula Difference
BAJAJFINSV Mar 2013 | ROE Difference=16.66% | Category: Version Difference
BAJAJFINSV Mar 2013 | ROCE Difference=7.24% | Category: Formula Difference
BAJAJFINSV Mar 2014 | ROE Difference=11.81% | Category: Version Difference
BAJAJFINSV Mar 2015 | ROE Difference=10.00% | Category: Version Difference
BAJAJFINSV Mar 2016 | ROE Difference=8.69% | Category: Version Difference
BAJAJFINSV Mar 2017 | ROE Difference=9.64% | Category: Version Difference
BAJAJFINSV Mar 2018 | ROE Difference=8.67% | Category: Version Difference
BAJAJFINSV Mar 2019 | ROE Difference=10.92% | Category: Version Difference
BAJAJFINSV Mar 2020 | ROE Difference=7.43% | Category: Version Difference
BAJAJFINSV Mar 2021 | ROE Difference=8.84% | Category: Version Difference
BAJAJFINSV Mar 2022 | ROE Difference=8.94% | Category: Version Difference
BAJAJFINSV Mar 2023 | ROE Difference=14.59% | Category: Version Difference
BAJAJFINSV Mar 2023 | ROCE Difference=5.17% | Category: Formula Difference
BAJAJFINSV Mar 2024 | ROE Difference=14.13% | Category: Version Difference
BAJAJHLDNG Mar 2022 | ROE Difference=5.17% | Category: Version Difference
BAJFINANCE Mar 2015 | ROCE Difference=6.81% | Category: Formula Difference
BAJFINANCE Mar 2016 | ROCE Difference=5.32% | Category: Formula Difference
BAJFINANCE Mar 2017 | ROCE Difference=7.22% | Category: Formula Difference
BAJFINANCE Mar 2018 | ROE Difference=6.35% | Category: Version Difference
BAJFINANCE Mar 2019 | ROCE Difference=8.38% | Category: Formula Difference
BAJFINANCE Mar 2020 | ROE Difference=5.82% | Category: Version Difference
BAJFINANCE Mar 2021 | ROE Difference=10.13% | Category: Version Difference
BAJFINANCE Mar 2022 | ROE Difference=6.02% | Category: Version Difference
BAJFINANCE Mar 2023 | ROCE Difference=9.27% | Category: Formula Difference
BAJFINANCE Mar 2024 | ROCE Difference=6.94% | Category: Formula Difference
BANKBARODA Mar 2013 | ROCE Difference=8.18% | Category: Formula Difference
BANKBARODA Mar 2014 | ROCE Difference=6.98% | Category: Formula Difference
BANKBARODA Mar 2015 | ROE Difference=7.30% | Category: Version Difference
BANKBARODA Mar 2016 | ROE Difference=28.54% | Category: Version Difference
BANKBARODA Mar 2016 | ROCE Difference=18.17% | Category: Formula Difference
BANKBARODA Mar 2017 | ROE Difference=12.39% | Category: Version Difference
BANKBARODA Mar 2018 | ROE Difference=20.64% | Category: Version Difference
BANKBARODA Mar 2018 | ROCE Difference=10.27% | Category: Formula Difference
BANKBARODA Mar 2019 | ROE Difference=14.58% | Category: Version Difference
BANKBARODA Mar 2020 | ROE Difference=15.41% | Category: Version Difference
BANKBARODA Mar 2020 | ROCE Difference=5.04% | Category: Formula Difference
BANKBARODA Mar 2021 | ROE Difference=14.73% | Category: Version Difference
BANKBARODA Mar 2022 | ROE Difference=8.06% | Category: Version Difference
BANKBARODA Mar 2023 | ROCE Difference=7.95% | Category: Formula Difference
BANKBARODA Mar 2024 | ROCE Difference=9.43% | Category: Formula Difference
BHARTIARTL Mar 2013 | ROE Difference=10.40% | Category: Version Difference
BHARTIARTL Mar 2013 | ROCE Difference=8.60% | Category: Formula Difference
BHARTIARTL Mar 2014 | ROE Difference=9.85% | Category: Version Difference
BHARTIARTL Mar 2014 | ROCE Difference=8.05% | Category: Formula Difference
BHARTIARTL Mar 2017 | ROE Difference=8.61% | Category: Version Difference
BHARTIARTL Mar 2017 | ROCE Difference=6.81% | Category: Formula Difference
BHARTIARTL Mar 2018 | ROE Difference=11.76% | Category: Version Difference
BHARTIARTL Mar 2018 | ROCE Difference=9.96% | Category: Formula Difference
BHARTIARTL Mar 2019 | ROE Difference=12.54% | Category: Version Difference
BHARTIARTL Mar 2019 | ROCE Difference=10.74% | Category: Formula Difference
BHARTIARTL Mar 2020 | ROE Difference=54.65% | Category: Version Difference
BHARTIARTL Mar 2020 | ROCE Difference=52.85% | Category: Formula Difference
BHARTIARTL Mar 2021 | ROE Difference=35.87% | Category: Version Difference
BHARTIARTL Mar 2021 | ROCE Difference=34.07% | Category: Formula Difference
BEL Mar 2013 | ROE Difference=15157.03% | Category: Version Difference
BEL Mar 2013 | ROCE Difference=15148.73% | Category: Formula Difference
BEL Mar 2014 | ROE Difference=13573.70% | Category: Version Difference
BEL Mar 2014 | ROCE Difference=13565.40% | Category: Formula Difference
BEL Mar 2015 | ROE Difference=17073.70% | Category: Version Difference
BEL Mar 2015 | ROCE Difference=17065.40% | Category: Formula Difference
BEL Mar 2016 | ROE Difference=11115.37% | Category: Version Difference
BEL Mar 2016 | ROCE Difference=11107.07% | Category: Formula Difference
BEL Mar 2017 | ROE Difference=10127.03% | Category: Version Difference
BEL Mar 2017 | ROCE Difference=10118.73% | Category: Formula Difference
BEL Mar 2018 | ROE Difference=4589.83% | Category: Version Difference
BEL Mar 2018 | ROCE Difference=4581.53% | Category: Formula Difference
BEL Mar 2019 | ROE Difference=3824.72% | Category: Version Difference
BEL Mar 2019 | ROCE Difference=3816.42% | Category: Formula Difference
BEL Mar 2020 | ROE Difference=3291.88% | Category: Version Difference
BEL Mar 2020 | ROCE Difference=3283.58% | Category: Formula Difference
BEL Mar 2021 | ROE Difference=3533.02% | Category: Version Difference
BEL Mar 2021 | ROCE Difference=3524.72% | Category: Formula Difference
BEL Mar 2022 | ROE Difference=3451.96% | Category: Version Difference
BEL Mar 2022 | ROCE Difference=3443.66% | Category: Formula Difference
BEL Mar 2023 | ROE Difference=3955.03% | Category: Version Difference
BEL Mar 2023 | ROCE Difference=3946.73% | Category: Formula Difference
BEL Mar 2024 | ROE Difference=4717.75% | Category: Version Difference
BEL Mar 2024 | ROCE Difference=4709.45% | Category: Formula Difference
BHEL Mar 2013 | ROE Difference=20.86% | Category: Version Difference
BHEL Mar 2013 | ROCE Difference=18.63% | Category: Formula Difference
BHEL Mar 2014 | ROE Difference=9.51% | Category: Version Difference
BHEL Mar 2014 | ROCE Difference=7.28% | Category: Formula Difference
BHEL Mar 2016 | ROCE Difference=5.46% | Category: Formula Difference
BHEL Mar 2020 | ROE Difference=6.17% | Category: Version Difference
BHEL Mar 2020 | ROCE Difference=8.40% | Category: Formula Difference
BHEL Mar 2021 | ROE Difference=11.44% | Category: Version Difference
BHEL Mar 2021 | ROCE Difference=13.67% | Category: Formula Difference
BOSCHLTD Dec 2013 | ROCE Difference=6.54% | Category: Formula Difference
BOSCHLTD Mar 2018 | ROCE Difference=6.86% | Category: Formula Difference
BOSCHLTD Mar 2020 | ROE Difference=8.99% | Category: Version Difference
BOSCHLTD Mar 2020 | ROCE Difference=13.59% | Category: Formula Difference
BOSCHLTD Mar 2021 | ROE Difference=11.09% | Category: Version Difference
BOSCHLTD Mar 2021 | ROCE Difference=15.69% | Category: Formula Difference
BOSCHLTD Mar 2022 | ROCE Difference=9.21% | Category: Formula Difference
BOSCHLTD Mar 2023 | ROCE Difference=7.67% | Category: Formula Difference
BPCL Mar 2013 | ROE Difference=30.36% | Category: Version Difference
BPCL Mar 2013 | ROCE Difference=20.56% | Category: Formula Difference
BPCL Mar 2014 | ROE Difference=21.05% | Category: Version Difference
BPCL Mar 2014 | ROCE Difference=11.25% | Category: Formula Difference
BPCL Mar 2015 | ROE Difference=19.38% | Category: Version Difference
BPCL Mar 2015 | ROCE Difference=9.58% | Category: Formula Difference
BPCL Mar 2016 | ROE Difference=12.80% | Category: Version Difference
BPCL Mar 2017 | ROE Difference=11.05% | Category: Version Difference
BPCL Mar 2018 | ROE Difference=15.16% | Category: Version Difference
BPCL Mar 2018 | ROCE Difference=5.36% | Category: Formula Difference
BPCL Mar 2019 | ROE Difference=19.90% | Category: Version Difference
BPCL Mar 2019 | ROCE Difference=10.10% | Category: Formula Difference
BPCL Mar 2020 | ROE Difference=31.86% | Category: Version Difference
BPCL Mar 2020 | ROCE Difference=22.06% | Category: Formula Difference
BPCL Mar 2021 | ROE Difference=9.56% | Category: Version Difference
BPCL Mar 2022 | ROE Difference=19.39% | Category: Version Difference
BPCL Mar 2022 | ROCE Difference=9.59% | Category: Formula Difference
BPCL Mar 2023 | ROE Difference=37.92% | Category: Version Difference
BPCL Mar 2023 | ROCE Difference=28.12% | Category: Formula Difference
BPCL Mar 2024 | ROE Difference=6.39% | Category: Version Difference
BRITANNIA Mar 2013 | ROE Difference=10.51% | Category: Version Difference
BRITANNIA Mar 2014 | ROE Difference=7.60% | Category: Version Difference
BRITANNIA Mar 2015 | ROCE Difference=6.44% | Category: Formula Difference
BRITANNIA Mar 2016 | ROE Difference=17.66% | Category: Version Difference
BRITANNIA Mar 2016 | ROCE Difference=9.46% | Category: Formula Difference
BRITANNIA Mar 2017 | ROE Difference=24.27% | Category: Version Difference
BRITANNIA Mar 2017 | ROCE Difference=16.07% | Category: Formula Difference
BRITANNIA Mar 2018 | ROE Difference=27.62% | Category: Version Difference
BRITANNIA Mar 2018 | ROCE Difference=19.42% | Category: Formula Difference
BRITANNIA Mar 2019 | ROE Difference=29.94% | Category: Version Difference
BRITANNIA Mar 2019 | ROCE Difference=21.74% | Category: Formula Difference
BRITANNIA Mar 2020 | ROE Difference=25.44% | Category: Version Difference
BRITANNIA Mar 2020 | ROCE Difference=17.24% | Category: Formula Difference
BRITANNIA Mar 2022 | ROCE Difference=10.37% | Category: Formula Difference
BRITANNIA Mar 2023 | ROE Difference=8.43% | Category: Version Difference
BRITANNIA Mar 2023 | ROCE Difference=16.63% | Category: Formula Difference
BRITANNIA Mar 2024 | ROCE Difference=5.25% | Category: Formula Difference
CANBK Mar 2013 | ROE Difference=6.00% | Category: Version Difference
CANBK Mar 2013 | ROCE Difference=5.27% | Category: Formula Difference
CANBK Mar 2014 | ROE Difference=9.05% | Category: Version Difference
CANBK Mar 2015 | ROE Difference=8.88% | Category: Version Difference
CANBK Mar 2016 | ROE Difference=25.72% | Category: Version Difference
CANBK Mar 2016 | ROCE Difference=14.45% | Category: Formula Difference
CANBK Mar 2017 | ROE Difference=13.83% | Category: Version Difference
CANBK Mar 2018 | ROE Difference=28.40% | Category: Version Difference
CANBK Mar 2018 | ROCE Difference=17.13% | Category: Formula Difference
CANBK Mar 2019 | ROE Difference=16.05% | Category: Version Difference
CANBK Mar 2020 | ROE Difference=22.56% | Category: Version Difference
CANBK Mar 2020 | ROCE Difference=11.29% | Category: Formula Difference
CANBK Mar 2021 | ROE Difference=13.16% | Category: Version Difference
CANBK Mar 2022 | ROE Difference=9.10% | Category: Version Difference
CANBK Mar 2023 | ROCE Difference=7.90% | Category: Formula Difference
CANBK Mar 2024 | ROCE Difference=10.09% | Category: Formula Difference
CHOLAFIN Mar 2013 | ROCE Difference=5.38% | Category: Formula Difference
CHOLAFIN Mar 2014 | ROCE Difference=5.69% | Category: Formula Difference
CHOLAFIN Mar 2015 | ROCE Difference=6.20% | Category: Formula Difference
CHOLAFIN Mar 2016 | ROCE Difference=5.27% | Category: Formula Difference
CHOLAFIN Mar 2017 | ROCE Difference=6.31% | Category: Formula Difference
CHOLAFIN Mar 2018 | ROCE Difference=7.51% | Category: Formula Difference
CHOLAFIN Mar 2019 | ROCE Difference=8.88% | Category: Formula Difference
CHOLAFIN Mar 2020 | ROE Difference=7.35% | Category: Version Difference
CHOLAFIN Mar 2021 | ROCE Difference=5.44% | Category: Formula Difference
CHOLAFIN Mar 2022 | ROCE Difference=7.90% | Category: Formula Difference
CHOLAFIN Mar 2023 | ROCE Difference=8.18% | Category: Formula Difference
CHOLAFIN Mar 2024 | ROCE Difference=7.06% | Category: Formula Difference
CIPLA Mar 2013 | ROCE Difference=5.67% | Category: Formula Difference
CIPLA Mar 2014 | ROCE Difference=8.83% | Category: Formula Difference
CIPLA Mar 2015 | ROE Difference=5.42% | Category: Version Difference
CIPLA Mar 2015 | ROCE Difference=11.42% | Category: Formula Difference
CIPLA Mar 2016 | ROCE Difference=10.79% | Category: Formula Difference
CIPLA Mar 2017 | ROE Difference=8.55% | Category: Version Difference
CIPLA Mar 2017 | ROCE Difference=14.55% | Category: Formula Difference
CIPLA Mar 2018 | ROE Difference=6.84% | Category: Version Difference
CIPLA Mar 2018 | ROCE Difference=12.84% | Category: Formula Difference
CIPLA Mar 2019 | ROE Difference=6.86% | Category: Version Difference
CIPLA Mar 2019 | ROCE Difference=12.86% | Category: Formula Difference
CIPLA Mar 2020 | ROE Difference=7.28% | Category: Version Difference
CIPLA Mar 2020 | ROCE Difference=13.28% | Category: Formula Difference
CIPLA Mar 2021 | ROCE Difference=9.76% | Category: Formula Difference
CIPLA Mar 2022 | ROCE Difference=10.58% | Category: Formula Difference
CIPLA Mar 2023 | ROCE Difference=10.70% | Category: Formula Difference
CIPLA Mar 2024 | ROCE Difference=7.25% | Category: Formula Difference
COALINDIA Mar 2013 | ROE Difference=16.19% | Category: Version Difference
COALINDIA Mar 2013 | ROCE Difference=27.79% | Category: Formula Difference
COALINDIA Mar 2014 | ROE Difference=16.36% | Category: Version Difference
COALINDIA Mar 2014 | ROCE Difference=27.96% | Category: Formula Difference
COALINDIA Mar 2015 | ROE Difference=17.98% | Category: Version Difference
COALINDIA Mar 2015 | ROCE Difference=29.58% | Category: Formula Difference
COALINDIA Mar 2016 | ROE Difference=11.04% | Category: Version Difference
COALINDIA Mar 2016 | ROCE Difference=22.64% | Category: Formula Difference
COALINDIA Mar 2017 | ROE Difference=14.15% | Category: Version Difference
COALINDIA Mar 2017 | ROCE Difference=25.75% | Category: Formula Difference
COALINDIA Mar 2018 | ROE Difference=17.12% | Category: Version Difference
COALINDIA Mar 2018 | ROCE Difference=28.72% | Category: Formula Difference
COALINDIA Mar 2019 | ROE Difference=14.01% | Category: Version Difference
COALINDIA Mar 2020 | ROCE Difference=11.67% | Category: Formula Difference
COALINDIA Mar 2021 | ROE Difference=17.22% | Category: Version Difference
COALINDIA Mar 2021 | ROCE Difference=28.82% | Category: Formula Difference
COALINDIA Mar 2022 | ROE Difference=11.72% | Category: Version Difference
COALINDIA Mar 2022 | ROCE Difference=23.32% | Category: Formula Difference
COALINDIA Mar 2023 | ROCE Difference=11.46% | Category: Formula Difference
COALINDIA Mar 2024 | ROE Difference=6.83% | Category: Version Difference
COALINDIA Mar 2024 | ROCE Difference=18.43% | Category: Formula Difference
DABUR Mar 2013 | ROE Difference=17.36% | Category: Version Difference
DABUR Mar 2013 | ROCE Difference=14.26% | Category: Formula Difference
DABUR Mar 2014 | ROE Difference=15.29% | Category: Version Difference
DABUR Mar 2014 | ROCE Difference=12.19% | Category: Formula Difference
DABUR Mar 2015 | ROE Difference=12.64% | Category: Version Difference
DABUR Mar 2015 | ROCE Difference=9.54% | Category: Formula Difference
DABUR Mar 2016 | ROE Difference=10.86% | Category: Version Difference
DABUR Mar 2016 | ROCE Difference=7.76% | Category: Formula Difference
DABUR Mar 2017 | ROE Difference=7.21% | Category: Version Difference
DABUR Mar 2019 | ROE Difference=6.47% | Category: Version Difference
DIVISLAB Mar 2013 | ROE Difference=11.87% | Category: Version Difference
DIVISLAB Mar 2013 | ROCE Difference=7.57% | Category: Formula Difference
DIVISLAB Mar 2014 | ROE Difference=13.88% | Category: Version Difference
DIVISLAB Mar 2014 | ROCE Difference=9.58% | Category: Formula Difference
DIVISLAB Mar 2015 | ROE Difference=12.17% | Category: Version Difference
DIVISLAB Mar 2015 | ROCE Difference=7.87% | Category: Formula Difference
DIVISLAB Mar 2016 | ROE Difference=14.03% | Category: Version Difference
DIVISLAB Mar 2016 | ROCE Difference=9.73% | Category: Formula Difference
DIVISLAB Mar 2017 | ROE Difference=7.59% | Category: Version Difference
DIVISLAB Mar 2019 | ROE Difference=7.25% | Category: Version Difference
DIVISLAB Mar 2020 | ROE Difference=6.64% | Category: Version Difference
DIVISLAB Mar 2021 | ROE Difference=9.14% | Category: Version Difference
DIVISLAB Mar 2022 | ROE Difference=13.04% | Category: Version Difference
DIVISLAB Mar 2022 | ROCE Difference=8.74% | Category: Formula Difference
DLF Mar 2015 | ROE Difference=5.10% | Category: Version Difference
DLF Mar 2016 | ROE Difference=5.68% | Category: Version Difference
DLF Mar 2018 | ROE Difference=5.73% | Category: Version Difference
DLF Mar 2018 | ROCE Difference=6.94% | Category: Formula Difference
DLF Mar 2020 | ROE Difference=8.66% | Category: Version Difference
DLF Mar 2020 | ROCE Difference=7.45% | Category: Formula Difference
DMART Mar 2013 | ROCE Difference=7.49% | Category: Formula Difference
DMART Mar 2016 | ROE Difference=6.54% | Category: Version Difference
DMART Mar 2017 | ROCE Difference=6.93% | Category: Formula Difference
DMART Mar 2020 | ROCE Difference=7.66% | Category: Formula Difference
DMART Mar 2021 | ROE Difference=5.48% | Category: Version Difference
DMART Mar 2021 | ROCE Difference=10.38% | Category: Formula Difference
DMART Mar 2022 | ROCE Difference=8.49% | Category: Formula Difference
DMART Mar 2024 | ROCE Difference=5.84% | Category: Formula Difference
DRREDDY Mar 2016 | ROCE Difference=9.55% | Category: Formula Difference
DRREDDY Mar 2017 | ROE Difference=10.86% | Category: Version Difference
DRREDDY Mar 2017 | ROCE Difference=15.96% | Category: Formula Difference
DRREDDY Mar 2018 | ROE Difference=13.87% | Category: Version Difference
DRREDDY Mar 2018 | ROCE Difference=18.97% | Category: Formula Difference
DRREDDY Mar 2019 | ROE Difference=7.50% | Category: Version Difference
DRREDDY Mar 2019 | ROCE Difference=12.60% | Category: Formula Difference
DRREDDY Mar 2020 | ROE Difference=8.41% | Category: Version Difference
DRREDDY Mar 2020 | ROCE Difference=13.51% | Category: Formula Difference
DRREDDY Mar 2021 | ROE Difference=10.33% | Category: Version Difference
DRREDDY Mar 2021 | ROCE Difference=15.43% | Category: Formula Difference
DRREDDY Mar 2022 | ROE Difference=10.04% | Category: Version Difference
DRREDDY Mar 2022 | ROCE Difference=15.14% | Category: Formula Difference
DRREDDY Mar 2023 | ROCE Difference=7.15% | Category: Formula Difference
DRREDDY Mar 2024 | ROCE Difference=6.76% | Category: Formula Difference
EICHERMOT Dec 2013 | ROCE Difference=5.55% | Category: Formula Difference
EICHERMOT Mar 2016 | ROE Difference=12.43% | Category: Version Difference
EICHERMOT Mar 2016 | ROCE Difference=5.53% | Category: Formula Difference
EICHERMOT Mar 2017 | ROE Difference=6.99% | Category: Version Difference
EICHERMOT Mar 2019 | ROCE Difference=6.40% | Category: Formula Difference
EICHERMOT Mar 2020 | ROE Difference=5.90% | Category: Version Difference
EICHERMOT Mar 2020 | ROCE Difference=12.80% | Category: Formula Difference
EICHERMOT Mar 2021 | ROE Difference=12.42% | Category: Version Difference
EICHERMOT Mar 2021 | ROCE Difference=19.32% | Category: Formula Difference
EICHERMOT Mar 2022 | ROE Difference=10.90% | Category: Version Difference
EICHERMOT Mar 2022 | ROCE Difference=17.80% | Category: Formula Difference
EICHERMOT Mar 2023 | ROCE Difference=11.66% | Category: Formula Difference
EICHERMOT Mar 2024 | ROCE Difference=8.93% | Category: Formula Difference
GAIL Mar 2015 | ROCE Difference=5.41% | Category: Formula Difference
GAIL Mar 2016 | ROE Difference=8.85% | Category: Version Difference
GAIL Mar 2016 | ROCE Difference=9.55% | Category: Formula Difference
GAIL Mar 2017 | ROE Difference=5.42% | Category: Version Difference
GAIL Mar 2017 | ROCE Difference=6.12% | Category: Formula Difference
GAIL Mar 2020 | ROE Difference=5.31% | Category: Version Difference
GAIL Mar 2022 | ROE Difference=5.19% | Category: Version Difference
GAIL Mar 2023 | ROE Difference=5.38% | Category: Version Difference
GAIL Mar 2023 | ROCE Difference=6.08% | Category: Formula Difference
GODREJCP Mar 2013 | ROE Difference=18.74% | Category: Version Difference
GODREJCP Mar 2014 | ROE Difference=14.93% | Category: Version Difference
GODREJCP Mar 2015 | ROE Difference=15.87% | Category: Version Difference
GODREJCP Mar 2016 | ROE Difference=12.71% | Category: Version Difference
GODREJCP Mar 2016 | ROCE Difference=7.01% | Category: Formula Difference
GODREJCP Mar 2017 | ROE Difference=17.90% | Category: Version Difference
GODREJCP Mar 2018 | ROE Difference=19.34% | Category: Version Difference
GODREJCP Mar 2019 | ROE Difference=25.46% | Category: Version Difference
GODREJCP Mar 2019 | ROCE Difference=5.74% | Category: Formula Difference
GODREJCP Mar 2020 | ROE Difference=12.18% | Category: Version Difference
GODREJCP Mar 2020 | ROCE Difference=7.54% | Category: Formula Difference
GODREJCP Mar 2021 | ROE Difference=11.46% | Category: Version Difference
GODREJCP Mar 2021 | ROCE Difference=8.26% | Category: Formula Difference
GODREJCP Mar 2022 | ROE Difference=8.66% | Category: Version Difference
GODREJCP Mar 2022 | ROCE Difference=11.06% | Category: Formula Difference
GODREJCP Mar 2023 | ROE Difference=5.57% | Category: Version Difference
GODREJCP Mar 2023 | ROCE Difference=14.15% | Category: Formula Difference
GODREJCP Mar 2024 | ROE Difference=11.22% | Category: Version Difference
GODREJCP Mar 2024 | ROCE Difference=30.94% | Category: Formula Difference
GRASIM Mar 2013 | ROE Difference=12.32% | Category: Version Difference
GRASIM Mar 2013 | ROCE Difference=9.92% | Category: Formula Difference
GRASIM Mar 2014 | ROE Difference=6.77% | Category: Version Difference
GRASIM Mar 2016 | ROE Difference=5.70% | Category: Version Difference
GRASIM Mar 2017 | ROE Difference=6.63% | Category: Version Difference
GRASIM Mar 2022 | ROE Difference=7.90% | Category: Version Difference
GRASIM Mar 2022 | ROCE Difference=5.50% | Category: Formula Difference
GRASIM Mar 2023 | ROE Difference=7.17% | Category: Version Difference
HAL Mar 2017 | ROE Difference=1938.02% | Category: Version Difference
HAL Mar 2017 | ROCE Difference=1928.02% | Category: Formula Difference
HAL Mar 2018 | ROE Difference=1499.56% | Category: Version Difference
HAL Mar 2018 | ROCE Difference=1489.56% | Category: Formula Difference
HAL Mar 2019 | ROE Difference=1735.01% | Category: Version Difference
HAL Mar 2019 | ROCE Difference=1725.01% | Category: Formula Difference
HAL Mar 2020 | ROE Difference=2030.52% | Category: Version Difference
HAL Mar 2020 | ROCE Difference=2020.52% | Category: Formula Difference
HAL Mar 2021 | ROE Difference=2220.41% | Category: Version Difference
HAL Mar 2021 | ROCE Difference=2210.41% | Category: Formula Difference
HAL Mar 2022 | ROE Difference=3295.28% | Category: Version Difference
HAL Mar 2022 | ROCE Difference=3285.28% | Category: Formula Difference
HAL Mar 2023 | ROE Difference=3254.15% | Category: Version Difference
HAL Mar 2023 | ROCE Difference=3244.15% | Category: Formula Difference
HAL Mar 2024 | ROE Difference=3787.68% | Category: Version Difference
HAL Mar 2024 | ROCE Difference=3777.68% | Category: Formula Difference
HAVELLS Mar 2013 | ROE Difference=22.29% | Category: Version Difference
HAVELLS Mar 2013 | ROCE Difference=15.89% | Category: Formula Difference
HAVELLS Mar 2014 | ROE Difference=8.77% | Category: Version Difference
HAVELLS Mar 2016 | ROE Difference=24.95% | Category: Version Difference
HAVELLS Mar 2016 | ROCE Difference=18.55% | Category: Formula Difference
HAVELLS Mar 2017 | ROCE Difference=9.32% | Category: Formula Difference
HAVELLS Mar 2018 | ROCE Difference=6.68% | Category: Formula Difference
HAVELLS Mar 2019 | ROCE Difference=5.63% | Category: Formula Difference
HAVELLS Mar 2020 | ROCE Difference=7.35% | Category: Formula Difference
HAVELLS Mar 2023 | ROCE Difference=8.22% | Category: Formula Difference
HAVELLS Mar 2024 | ROCE Difference=7.33% | Category: Formula Difference
HCLTECH Jun 2013 | ROE Difference=7.39% | Category: Version Difference
HCLTECH Jun 2014 | ROE Difference=10.09% | Category: Version Difference
HCLTECH Jun 2015 | ROE Difference=7.01% | Category: Version Difference
HCLTECH Mar 2018 | ROCE Difference=5.63% | Category: Formula Difference
HCLTECH Mar 2019 | ROCE Difference=5.14% | Category: Formula Difference
HCLTECH Mar 2020 | ROCE Difference=8.03% | Category: Formula Difference
HCLTECH Mar 2021 | ROCE Difference=10.96% | Category: Formula Difference
HCLTECH Mar 2022 | ROCE Difference=7.76% | Category: Formula Difference
HCLTECH Mar 2023 | ROCE Difference=6.90% | Category: Formula Difference
HCLTECH Mar 2024 | ROCE Difference=6.59% | Category: Formula Difference
HDFCBANK Mar 2013 | ROCE Difference=11.17% | Category: Formula Difference
HDFCBANK Mar 2014 | ROCE Difference=12.18% | Category: Formula Difference
HDFCBANK Mar 2015 | ROCE Difference=9.28% | Category: Formula Difference
HDFCBANK Mar 2016 | ROCE Difference=9.58% | Category: Formula Difference
HDFCBANK Mar 2017 | ROCE Difference=9.02% | Category: Formula Difference
HDFCBANK Mar 2018 | ROCE Difference=9.27% | Category: Formula Difference
HDFCBANK Mar 2019 | ROCE Difference=6.94% | Category: Formula Difference
HDFCBANK Mar 2020 | ROCE Difference=7.81% | Category: Formula Difference
HDFCBANK Mar 2021 | ROCE Difference=7.51% | Category: Formula Difference
HDFCBANK Mar 2022 | ROCE Difference=7.76% | Category: Formula Difference
HDFCBANK Mar 2023 | ROCE Difference=8.27% | Category: Formula Difference
HDFCBANK Mar 2024 | ROCE Difference=6.67% | Category: Formula Difference
HDFCLIFE Mar 2013 | ROE Difference=22.03% | Category: Version Difference
HDFCLIFE Mar 2013 | ROCE Difference=26.82% | Category: Formula Difference
HDFCLIFE Mar 2014 | ROE Difference=26.20% | Category: Version Difference
HDFCLIFE Mar 2014 | ROCE Difference=30.99% | Category: Formula Difference
HDFCLIFE Mar 2015 | ROE Difference=19.53% | Category: Version Difference
HDFCLIFE Mar 2015 | ROCE Difference=24.32% | Category: Formula Difference
HDFCLIFE Mar 2016 | ROE Difference=14.93% | Category: Version Difference
HDFCLIFE Mar 2016 | ROCE Difference=19.72% | Category: Formula Difference
HDFCLIFE Mar 2017 | ROE Difference=11.78% | Category: Version Difference
HDFCLIFE Mar 2017 | ROCE Difference=16.57% | Category: Formula Difference
HDFCLIFE Mar 2018 | ROE Difference=12.13% | Category: Version Difference
HDFCLIFE Mar 2018 | ROCE Difference=16.92% | Category: Formula Difference
HDFCLIFE Mar 2019 | ROE Difference=11.25% | Category: Version Difference
HDFCLIFE Mar 2019 | ROCE Difference=16.04% | Category: Formula Difference
HDFCLIFE Mar 2020 | ROE Difference=7.65% | Category: Version Difference
HDFCLIFE Mar 2020 | ROCE Difference=12.44% | Category: Formula Difference
HDFCLIFE Mar 2021 | ROCE Difference=9.14% | Category: Formula Difference
HEROMOTOCO Mar 2014 | ROE Difference=15.38% | Category: Version Difference
HEROMOTOCO Mar 2014 | ROCE Difference=8.28% | Category: Formula Difference
HEROMOTOCO Mar 2015 | ROE Difference=14.15% | Category: Version Difference
HEROMOTOCO Mar 2015 | ROCE Difference=7.05% | Category: Formula Difference
HEROMOTOCO Mar 2016 | ROE Difference=13.23% | Category: Version Difference
HEROMOTOCO Mar 2016 | ROCE Difference=6.13% | Category: Formula Difference
HEROMOTOCO Mar 2017 | ROE Difference=12.37% | Category: Version Difference
HEROMOTOCO Mar 2017 | ROCE Difference=5.27% | Category: Formula Difference
HEROMOTOCO Mar 2018 | ROE Difference=9.09% | Category: Version Difference
HEROMOTOCO Mar 2021 | ROCE Difference=10.05% | Category: Formula Difference
HEROMOTOCO Mar 2022 | ROE Difference=7.30% | Category: Version Difference
HEROMOTOCO Mar 2022 | ROCE Difference=14.40% | Category: Formula Difference
HEROMOTOCO Mar 2023 | ROE Difference=5.19% | Category: Version Difference
HEROMOTOCO Mar 2023 | ROCE Difference=12.29% | Category: Formula Difference
HEROMOTOCO Mar 2024 | ROCE Difference=7.96% | Category: Formula Difference
HINDALCO Mar 2014 | ROCE Difference=5.89% | Category: Formula Difference
HINDALCO Mar 2015 | ROE Difference=9.52% | Category: Version Difference
HINDALCO Mar 2015 | ROCE Difference=10.62% | Category: Formula Difference
HINDALCO Mar 2016 | ROE Difference=11.93% | Category: Version Difference
HINDALCO Mar 2016 | ROCE Difference=13.03% | Category: Formula Difference
HINDALCO Mar 2017 | ROE Difference=6.11% | Category: Version Difference
HINDALCO Mar 2017 | ROCE Difference=7.21% | Category: Formula Difference
HINDALCO Mar 2021 | ROCE Difference=6.07% | Category: Formula Difference
HINDALCO Mar 2022 | ROE Difference=7.36% | Category: Version Difference
HINDALCO Mar 2022 | ROCE Difference=6.26% | Category: Formula Difference
HINDUNILVR Mar 2013 | ROE Difference=113.80% | Category: Version Difference
HINDUNILVR Mar 2013 | ROCE Difference=106.80% | Category: Formula Difference
HINDUNILVR Mar 2014 | ROE Difference=91.65% | Category: Version Difference
HINDUNILVR Mar 2014 | ROCE Difference=84.65% | Category: Formula Difference
HINDUNILVR Mar 2015 | ROE Difference=88.47% | Category: Version Difference
HINDUNILVR Mar 2015 | ROCE Difference=81.47% | Category: Formula Difference
HINDUNILVR Mar 2016 | ROE Difference=42.95% | Category: Version Difference
HINDUNILVR Mar 2016 | ROCE Difference=35.95% | Category: Formula Difference
HINDUNILVR Mar 2017 | ROE Difference=46.38% | Category: Version Difference
HINDUNILVR Mar 2017 | ROCE Difference=39.38% | Category: Formula Difference
HINDUNILVR Mar 2018 | ROE Difference=51.59% | Category: Version Difference
HINDUNILVR Mar 2018 | ROCE Difference=44.59% | Category: Formula Difference
HINDUNILVR Mar 2019 | ROE Difference=56.83% | Category: Version Difference
HINDUNILVR Mar 2019 | ROCE Difference=49.83% | Category: Formula Difference
HINDUNILVR Mar 2020 | ROE Difference=61.90% | Category: Version Difference
HINDUNILVR Mar 2020 | ROCE Difference=54.90% | Category: Formula Difference
HINDUNILVR Mar 2021 | ROCE Difference=10.42% | Category: Formula Difference
HINDUNILVR Mar 2022 | ROCE Difference=9.08% | Category: Formula Difference
HINDUNILVR Mar 2023 | ROCE Difference=7.04% | Category: Formula Difference
HINDUNILVR Mar 2024 | ROCE Difference=7.13% | Category: Formula Difference
ICICIBANK Mar 2013 | ROCE Difference=7.13% | Category: Formula Difference
ICICIBANK Mar 2014 | ROCE Difference=7.68% | Category: Formula Difference
ICICIBANK Mar 2015 | ROCE Difference=7.68% | Category: Formula Difference
ICICIBANK Mar 2016 | ROE Difference=7.19% | Category: Version Difference
ICICIBANK Mar 2017 | ROE Difference=7.96% | Category: Version Difference
ICICIBANK Mar 2018 | ROE Difference=10.57% | Category: Version Difference
ICICIBANK Mar 2019 | ROE Difference=13.82% | Category: Version Difference
ICICIBANK Mar 2020 | ROE Difference=9.67% | Category: Version Difference
ICICIBANK Mar 2021 | ROE Difference=5.88% | Category: Version Difference
ICICIBANK Mar 2021 | ROCE Difference=5.32% | Category: Formula Difference
ICICIBANK Mar 2022 | ROCE Difference=6.98% | Category: Formula Difference
ICICIBANK Mar 2023 | ROCE Difference=8.93% | Category: Formula Difference
ICICIBANK Mar 2024 | ROCE Difference=10.39% | Category: Formula Difference
ICICIGI Mar 2016 | ROCE Difference=6.84% | Category: Formula Difference
ICICIGI Mar 2022 | ROCE Difference=8.67% | Category: Formula Difference
ICICIGI Mar 2023 | ROCE Difference=5.95% | Category: Formula Difference
ICICIGI Mar 2024 | ROCE Difference=6.78% | Category: Formula Difference
ICICIPRULI Mar 2013 | ROE Difference=30.18% | Category: Version Difference
ICICIPRULI Mar 2013 | ROCE Difference=29.50% | Category: Formula Difference
ICICIPRULI Mar 2014 | ROE Difference=27.54% | Category: Version Difference
ICICIPRULI Mar 2014 | ROCE Difference=26.86% | Category: Formula Difference
ICICIPRULI Mar 2015 | ROE Difference=23.08% | Category: Version Difference
ICICIPRULI Mar 2015 | ROCE Difference=22.40% | Category: Formula Difference
ICICIPRULI Mar 2016 | ROE Difference=22.93% | Category: Version Difference
ICICIPRULI Mar 2016 | ROCE Difference=22.25% | Category: Formula Difference
ICICIPRULI Mar 2017 | ROE Difference=18.19% | Category: Version Difference
ICICIPRULI Mar 2017 | ROCE Difference=17.51% | Category: Formula Difference
ICICIPRULI Mar 2018 | ROE Difference=16.56% | Category: Version Difference
ICICIPRULI Mar 2018 | ROCE Difference=15.88% | Category: Formula Difference
ICICIPRULI Mar 2019 | ROE Difference=8.51% | Category: Version Difference
ICICIPRULI Mar 2019 | ROCE Difference=7.83% | Category: Formula Difference
ICICIPRULI Mar 2020 | ROE Difference=6.72% | Category: Version Difference
ICICIPRULI Mar 2020 | ROCE Difference=6.04% | Category: Formula Difference
INDUSINDBK Mar 2013 | ROCE Difference=5.98% | Category: Formula Difference
INDUSINDBK Mar 2014 | ROCE Difference=7.64% | Category: Formula Difference
INDUSINDBK Mar 2015 | ROCE Difference=8.92% | Category: Formula Difference
INDUSINDBK Mar 2017 | ROCE Difference=5.96% | Category: Formula Difference
INDUSINDBK Mar 2018 | ROCE Difference=7.20% | Category: Formula Difference
INDUSINDBK Mar 2021 | ROE Difference=8.66% | Category: Version Difference
INDUSINDBK Mar 2022 | ROE Difference=5.53% | Category: Version Difference
INDUSINDBK Mar 2023 | ROCE Difference=5.60% | Category: Formula Difference
INDUSINDBK Mar 2024 | ROCE Difference=6.32% | Category: Formula Difference
INFY Mar 2013 | ROE Difference=6.98% | Category: Version Difference
INFY Mar 2013 | ROCE Difference=15.18% | Category: Formula Difference
INFY Mar 2014 | ROE Difference=7.87% | Category: Version Difference
INFY Mar 2014 | ROCE Difference=16.07% | Category: Formula Difference
INFY Mar 2015 | ROE Difference=7.41% | Category: Version Difference
INFY Mar 2015 | ROCE Difference=15.61% | Category: Formula Difference
INFY Mar 2016 | ROE Difference=9.95% | Category: Version Difference
INFY Mar 2016 | ROCE Difference=18.15% | Category: Formula Difference
INFY Mar 2017 | ROE Difference=10.99% | Category: Version Difference
INFY Mar 2017 | ROCE Difference=19.19% | Category: Formula Difference
INFY Mar 2018 | ROE Difference=7.11% | Category: Version Difference
INFY Mar 2018 | ROCE Difference=15.31% | Category: Formula Difference
INFY Mar 2019 | ROE Difference=8.07% | Category: Version Difference
INFY Mar 2019 | ROCE Difference=16.27% | Category: Formula Difference
INFY Mar 2020 | ROE Difference=6.38% | Category: Version Difference
INFY Mar 2020 | ROCE Difference=14.58% | Category: Formula Difference
INFY Mar 2021 | ROE Difference=6.36% | Category: Version Difference
INFY Mar 2021 | ROCE Difference=14.56% | Category: Formula Difference
INFY Mar 2022 | ROCE Difference=10.61% | Category: Formula Difference
INFY Mar 2023 | ROCE Difference=8.03% | Category: Formula Difference
INFY Mar 2024 | ROCE Difference=10.21% | Category: Formula Difference
IOC Mar 2013 | ROE Difference=19.69% | Category: Version Difference
IOC Mar 2013 | ROCE Difference=15.56% | Category: Formula Difference
IOC Mar 2014 | ROE Difference=15.18% | Category: Version Difference
IOC Mar 2014 | ROCE Difference=11.05% | Category: Formula Difference
IOC Mar 2015 | ROE Difference=18.36% | Category: Version Difference
IOC Mar 2015 | ROCE Difference=14.23% | Category: Formula Difference
IOC Mar 2016 | ROE Difference=11.64% | Category: Version Difference
IOC Mar 2016 | ROCE Difference=7.51% | Category: Formula Difference
IOC Mar 2017 | ROE Difference=5.47% | Category: Version Difference
IOC Mar 2018 | ROE Difference=5.57% | Category: Version Difference
IOC Mar 2019 | ROE Difference=10.08% | Category: Version Difference
IOC Mar 2019 | ROCE Difference=5.95% | Category: Formula Difference
IOC Mar 2020 | ROE Difference=27.41% | Category: Version Difference
IOC Mar 2020 | ROCE Difference=23.28% | Category: Formula Difference
IOC Mar 2021 | ROE Difference=5.98% | Category: Version Difference
IOC Mar 2022 | ROE Difference=6.17% | Category: Version Difference
IOC Mar 2023 | ROE Difference=17.06% | Category: Version Difference
IOC Mar 2023 | ROCE Difference=12.93% | Category: Formula Difference
IRCTC Mar 2015 | ROE Difference=10.90% | Category: Version Difference
IRCTC Mar 2015 | ROCE Difference=24.30% | Category: Formula Difference
IRCTC Mar 2016 | ROE Difference=5.53% | Category: Version Difference
IRCTC Mar 2016 | ROCE Difference=18.93% | Category: Formula Difference
IRCTC Mar 2017 | ROE Difference=11.30% | Category: Version Difference
IRCTC Mar 2017 | ROCE Difference=24.70% | Category: Formula Difference
IRCTC Mar 2018 | ROE Difference=17.26% | Category: Version Difference
IRCTC Mar 2018 | ROCE Difference=30.66% | Category: Formula Difference
IRCTC Mar 2019 | ROE Difference=11.55% | Category: Version Difference
IRCTC Mar 2019 | ROCE Difference=24.95% | Category: Formula Difference
IRCTC Mar 2020 | ROCE Difference=14.76% | Category: Formula Difference
IRCTC Mar 2021 | ROE Difference=27.56% | Category: Version Difference
IRCTC Mar 2021 | ROCE Difference=40.96% | Category: Formula Difference
IRCTC Mar 2022 | ROE Difference=5.11% | Category: Version Difference
IRCTC Mar 2022 | ROCE Difference=18.51% | Category: Formula Difference
IRCTC Mar 2023 | ROCE Difference=13.20% | Category: Formula Difference
IRCTC Mar 2024 | ROE Difference=6.00% | Category: Version Difference
IRCTC Mar 2024 | ROCE Difference=19.40% | Category: Formula Difference
IRFC Mar 2016 | ROE Difference=6.33% | Category: Version Difference
IRFC Mar 2017 | ROE Difference=5.92% | Category: Version Difference
IRFC Mar 2018 | ROCE Difference=9.02% | Category: Formula Difference
IRFC Mar 2021 | ROCE Difference=6.57% | Category: Formula Difference
IRFC Mar 2022 | ROCE Difference=9.12% | Category: Formula Difference
IRFC Mar 2023 | ROCE Difference=8.07% | Category: Formula Difference
IRFC Mar 2024 | ROCE Difference=7.31% | Category: Formula Difference
ITC Mar 2016 | ROE Difference=7.21% | Category: Version Difference
ITC Mar 2016 | ROCE Difference=12.50% | Category: Formula Difference
ITC Mar 2017 | ROE Difference=6.90% | Category: Version Difference
ITC Mar 2017 | ROCE Difference=12.19% | Category: Formula Difference
ITC Mar 2018 | ROE Difference=7.58% | Category: Version Difference
ITC Mar 2018 | ROCE Difference=12.87% | Category: Formula Difference
ITC Mar 2019 | ROE Difference=7.77% | Category: Version Difference
ITC Mar 2019 | ROCE Difference=13.06% | Category: Formula Difference
ITC Mar 2020 | ROE Difference=5.58% | Category: Version Difference
ITC Mar 2020 | ROCE Difference=10.87% | Category: Formula Difference
ITC Mar 2021 | ROE Difference=7.29% | Category: Version Difference
ITC Mar 2021 | ROCE Difference=12.58% | Category: Formula Difference
ITC Mar 2022 | ROCE Difference=9.94% | Category: Formula Difference
ITC Mar 2023 | ROCE Difference=6.60% | Category: Formula Difference
ITC Mar 2024 | ROCE Difference=6.91% | Category: Formula Difference
JINDALSTEL Mar 2014 | ROE Difference=5.71% | Category: Version Difference
JINDALSTEL Mar 2015 | ROE Difference=21.00% | Category: Version Difference
JINDALSTEL Mar 2015 | ROCE Difference=20.10% | Category: Formula Difference
JINDALSTEL Mar 2016 | ROE Difference=23.62% | Category: Version Difference
JINDALSTEL Mar 2016 | ROCE Difference=22.72% | Category: Formula Difference
JINDALSTEL Mar 2017 | ROE Difference=22.55% | Category: Version Difference
JINDALSTEL Mar 2017 | ROCE Difference=21.65% | Category: Formula Difference
JINDALSTEL Mar 2018 | ROE Difference=19.42% | Category: Version Difference
JINDALSTEL Mar 2018 | ROCE Difference=18.52% | Category: Formula Difference
JINDALSTEL Mar 2019 | ROE Difference=21.62% | Category: Version Difference
JINDALSTEL Mar 2019 | ROCE Difference=20.72% | Category: Formula Difference
JINDALSTEL Mar 2020 | ROE Difference=15.34% | Category: Version Difference
JINDALSTEL Mar 2020 | ROCE Difference=14.44% | Category: Formula Difference
JINDALSTEL Mar 2022 | ROCE Difference=5.79% | Category: Formula Difference
JSWENERGY Mar 2013 | ROE Difference=6.12% | Category: Version Difference
JSWENERGY Mar 2013 | ROCE Difference=5.93% | Category: Formula Difference
JSWENERGY Mar 2015 | ROE Difference=9.66% | Category: Version Difference
JSWENERGY Mar 2015 | ROCE Difference=9.47% | Category: Formula Difference
JSWENERGY Mar 2016 | ROE Difference=6.65% | Category: Version Difference
JSWENERGY Mar 2016 | ROCE Difference=6.46% | Category: Formula Difference
JSWENERGY Mar 2018 | ROE Difference=7.63% | Category: Version Difference
JSWENERGY Mar 2018 | ROCE Difference=7.82% | Category: Formula Difference
JSWSTEEL Mar 2013 | ROE Difference=6.22% | Category: Version Difference
JSWSTEEL Mar 2013 | ROCE Difference=7.92% | Category: Formula Difference
JSWSTEEL Mar 2014 | ROE Difference=9.76% | Category: Version Difference
JSWSTEEL Mar 2014 | ROCE Difference=11.46% | Category: Formula Difference
JSWSTEEL Mar 2015 | ROCE Difference=5.63% | Category: Formula Difference
JSWSTEEL Mar 2016 | ROE Difference=14.20% | Category: Version Difference
JSWSTEEL Mar 2016 | ROCE Difference=15.90% | Category: Formula Difference
JSWSTEEL Mar 2018 | ROE Difference=10.17% | Category: Version Difference
JSWSTEEL Mar 2018 | ROCE Difference=8.47% | Category: Formula Difference
JSWSTEEL Mar 2019 | ROE Difference=9.96% | Category: Version Difference
JSWSTEEL Mar 2019 | ROCE Difference=8.26% | Category: Formula Difference
JSWSTEEL Mar 2021 | ROE Difference=5.18% | Category: Version Difference
JSWSTEEL Mar 2022 | ROE Difference=19.45% | Category: Version Difference
JSWSTEEL Mar 2022 | ROCE Difference=17.75% | Category: Formula Difference
JSWSTEEL Mar 2023 | ROE Difference=5.36% | Category: Version Difference
JSWSTEEL Mar 2023 | ROCE Difference=7.06% | Category: Formula Difference
KOTAKBANK Mar 2013 | ROCE Difference=6.80% | Category: Formula Difference
KOTAKBANK Mar 2014 | ROCE Difference=5.38% | Category: Formula Difference
KOTAKBANK Mar 2015 | ROCE Difference=6.15% | Category: Formula Difference
KOTAKBANK Mar 2017 | ROCE Difference=5.18% | Category: Formula Difference
KOTAKBANK Mar 2020 | ROCE Difference=5.04% | Category: Formula Difference
KOTAKBANK Mar 2023 | ROCE Difference=5.49% | Category: Formula Difference
KOTAKBANK Mar 2024 | ROCE Difference=6.15% | Category: Formula Difference
LICI Mar 2019 | ROE Difference=260.71% | Category: Version Difference
LICI Mar 2019 | ROCE Difference=260.53% | Category: Formula Difference
LICI Mar 2020 | ROE Difference=206.85% | Category: Version Difference
LICI Mar 2020 | ROCE Difference=206.67% | Category: Formula Difference
LICI Mar 2021 | ROE Difference=20.41% | Category: Version Difference
LICI Mar 2021 | ROCE Difference=20.59% | Category: Formula Difference
LICI Mar 2022 | ROE Difference=27.23% | Category: Version Difference
LICI Mar 2022 | ROCE Difference=27.41% | Category: Formula Difference
LICI Mar 2023 | ROE Difference=14.25% | Category: Version Difference
LICI Mar 2023 | ROCE Difference=14.07% | Category: Formula Difference
LICI Mar 2024 | ROE Difference=14.16% | Category: Version Difference
LICI Mar 2024 | ROCE Difference=14.34% | Category: Formula Difference
LODHA Mar 2016 | ROE Difference=6.99% | Category: Version Difference
LODHA Mar 2016 | ROCE Difference=6.59% | Category: Formula Difference
LODHA Mar 2019 | ROE Difference=32.10% | Category: Version Difference
LODHA Mar 2019 | ROCE Difference=31.70% | Category: Formula Difference
LODHA Mar 2020 | ROE Difference=5.60% | Category: Version Difference
LODHA Mar 2020 | ROCE Difference=5.20% | Category: Formula Difference
LODHA Mar 2021 | ROE Difference=9.66% | Category: Version Difference
LODHA Mar 2021 | ROCE Difference=10.06% | Category: Formula Difference
LODHA Mar 2023 | ROE Difference=6.83% | Category: Version Difference
LODHA Mar 2023 | ROCE Difference=7.23% | Category: Formula Difference
LT Mar 2013 | ROE Difference=384.66% | Category: Version Difference
LT Mar 2013 | ROCE Difference=377.97% | Category: Formula Difference
LT Mar 2014 | ROE Difference=292.93% | Category: Version Difference
LT Mar 2014 | ROCE Difference=286.24% | Category: Formula Difference
LT Mar 2015 | ROE Difference=234.62% | Category: Version Difference
LT Mar 2015 | ROCE Difference=227.93% | Category: Formula Difference
LT Mar 2016 | ROE Difference=205.60% | Category: Version Difference
LT Mar 2016 | ROCE Difference=198.91% | Category: Formula Difference
LT Mar 2017 | ROE Difference=195.81% | Category: Version Difference
LT Mar 2017 | ROCE Difference=189.12% | Category: Formula Difference
LT Mar 2018 | ROE Difference=196.87% | Category: Version Difference
LT Mar 2018 | ROCE Difference=190.18% | Category: Formula Difference
LT Mar 2019 | ROE Difference=198.32% | Category: Version Difference
LT Mar 2019 | ROCE Difference=191.63% | Category: Formula Difference
LT Mar 2020 | ROE Difference=191.10% | Category: Version Difference
LT Mar 2020 | ROCE Difference=184.41% | Category: Formula Difference
LT Mar 2021 | ROE Difference=166.41% | Category: Version Difference
LT Mar 2021 | ROCE Difference=159.72% | Category: Formula Difference
LT Mar 2022 | ROE Difference=62.43% | Category: Version Difference
LT Mar 2022 | ROCE Difference=55.74% | Category: Formula Difference
LT Mar 2023 | ROE Difference=65.03% | Category: Version Difference
LT Mar 2023 | ROCE Difference=58.34% | Category: Formula Difference
LT Mar 2024 | ROE Difference=67.18% | Category: Version Difference
LT Mar 2024 | ROCE Difference=60.49% | Category: Formula Difference
LTIM Mar 2013 | ROE Difference=15.93% | Category: Version Difference
LTIM Mar 2013 | ROCE Difference=7.87% | Category: Formula Difference
LTIM Mar 2014 | ROE Difference=35.82% | Category: Version Difference
LTIM Mar 2014 | ROCE Difference=27.76% | Category: Formula Difference
LTIM Mar 2015 | ROE Difference=11.92% | Category: Version Difference
LTIM Mar 2016 | ROE Difference=13.30% | Category: Version Difference
LTIM Mar 2016 | ROCE Difference=5.24% | Category: Formula Difference
LTIM Mar 2018 | ROCE Difference=5.29% | Category: Formula Difference
LTIM Mar 2020 | ROCE Difference=5.97% | Category: Formula Difference
LTIM Mar 2021 | ROCE Difference=7.57% | Category: Formula Difference
LTIM Mar 2022 | ROCE Difference=6.45% | Category: Formula Difference
LTIM Mar 2023 | ROCE Difference=7.52% | Category: Formula Difference
LTIM Mar 2024 | ROCE Difference=11.20% | Category: Formula Difference
M&M Mar 2013 | ROCE Difference=6.29% | Category: Formula Difference
M&M Mar 2015 | ROCE Difference=13.90% | Category: Formula Difference
M&M Mar 2016 | ROCE Difference=13.56% | Category: Formula Difference
M&M Mar 2017 | ROCE Difference=13.38% | Category: Formula Difference
M&M Mar 2018 | ROCE Difference=5.34% | Category: Formula Difference
M&M Mar 2019 | ROCE Difference=11.93% | Category: Formula Difference
M&M Mar 2020 | ROE Difference=18.79% | Category: Version Difference
M&M Mar 2020 | ROCE Difference=27.78% | Category: Formula Difference
M&M Mar 2021 | ROE Difference=14.35% | Category: Version Difference
M&M Mar 2021 | ROCE Difference=23.34% | Category: Formula Difference
M&M Mar 2022 | ROCE Difference=11.59% | Category: Formula Difference
M&M Mar 2023 | ROCE Difference=6.80% | Category: Formula Difference
M&M Mar 2024 | ROCE Difference=8.44% | Category: Formula Difference
MARUTI Mar 2013 | ROCE Difference=10.69% | Category: Formula Difference
MARUTI Mar 2014 | ROCE Difference=10.39% | Category: Formula Difference
MARUTI Mar 2015 | ROCE Difference=8.01% | Category: Formula Difference
MARUTI Mar 2016 | ROCE Difference=5.72% | Category: Formula Difference
MARUTI Mar 2018 | ROCE Difference=5.15% | Category: Formula Difference
MARUTI Mar 2019 | ROCE Difference=7.42% | Category: Formula Difference
MARUTI Mar 2020 | ROCE Difference=12.18% | Category: Formula Difference
MARUTI Mar 2021 | ROE Difference=7.39% | Category: Version Difference
MARUTI Mar 2021 | ROCE Difference=15.31% | Category: Formula Difference
MARUTI Mar 2022 | ROE Difference=8.74% | Category: Version Difference
MARUTI Mar 2022 | ROCE Difference=16.66% | Category: Formula Difference
MARUTI Mar 2023 | ROCE Difference=12.59% | Category: Formula Difference
MARUTI Mar 2024 | ROCE Difference=7.92% | Category: Formula Difference
MOTHERSON Mar 2013 | ROE Difference=7.95% | Category: Version Difference
MOTHERSON Mar 2013 | ROCE Difference=6.05% | Category: Formula Difference
MOTHERSON Mar 2014 | ROE Difference=25.27% | Category: Version Difference
MOTHERSON Mar 2014 | ROCE Difference=23.37% | Category: Formula Difference
MOTHERSON Mar 2015 | ROE Difference=27.07% | Category: Version Difference
MOTHERSON Mar 2015 | ROCE Difference=25.17% | Category: Formula Difference
MOTHERSON Mar 2016 | ROE Difference=28.55% | Category: Version Difference
MOTHERSON Mar 2016 | ROCE Difference=26.65% | Category: Formula Difference
MOTHERSON Mar 2017 | ROE Difference=14.46% | Category: Version Difference
MOTHERSON Mar 2017 | ROCE Difference=12.56% | Category: Formula Difference
MOTHERSON Mar 2018 | ROE Difference=11.07% | Category: Version Difference
MOTHERSON Mar 2018 | ROCE Difference=9.17% | Category: Formula Difference
MOTHERSON Mar 2019 | ROE Difference=7.34% | Category: Version Difference
MOTHERSON Mar 2019 | ROCE Difference=5.44% | Category: Formula Difference
MOTHERSON Mar 2022 | ROE Difference=6.06% | Category: Version Difference
MOTHERSON Mar 2022 | ROCE Difference=7.96% | Category: Formula Difference
MOTHERSON Mar 2023 | ROCE Difference=6.26% | Category: Formula Difference
NAUKRI Mar 2013 | ROE Difference=10.06% | Category: Version Difference
NAUKRI Mar 2013 | ROCE Difference=8.85% | Category: Formula Difference
NAUKRI Mar 2014 | ROE Difference=6.49% | Category: Version Difference
NAUKRI Mar 2014 | ROCE Difference=5.28% | Category: Formula Difference
NAUKRI Mar 2016 | ROE Difference=5.21% | Category: Version Difference
NAUKRI Mar 2017 | ROE Difference=5.14% | Category: Version Difference
NAUKRI Mar 2017 | ROCE Difference=6.35% | Category: Formula Difference
NAUKRI Mar 2018 | ROE Difference=22.06% | Category: Version Difference
NAUKRI Mar 2018 | ROCE Difference=20.85% | Category: Formula Difference
NAUKRI Mar 2019 | ROE Difference=20.84% | Category: Version Difference
NAUKRI Mar 2019 | ROCE Difference=19.63% | Category: Formula Difference
NAUKRI Mar 2020 | ROE Difference=13.65% | Category: Version Difference
NAUKRI Mar 2020 | ROCE Difference=14.86% | Category: Formula Difference
NAUKRI Mar 2021 | ROE Difference=23.84% | Category: Version Difference
NAUKRI Mar 2021 | ROCE Difference=22.63% | Category: Formula Difference
NAUKRI Mar 2022 | ROE Difference=72.27% | Category: Version Difference
NAUKRI Mar 2022 | ROCE Difference=71.06% | Category: Formula Difference
NESTLEIND Dec 2013 | ROE Difference=88.44% | Category: Version Difference
NESTLEIND Dec 2013 | ROCE Difference=138.26% | Category: Formula Difference
NESTLEIND Dec 2014 | ROE Difference=93.84% | Category: Version Difference
NESTLEIND Dec 2014 | ROCE Difference=143.66% | Category: Formula Difference
NESTLEIND Dec 2015 | ROE Difference=115.62% | Category: Version Difference
NESTLEIND Dec 2015 | ROCE Difference=165.44% | Category: Formula Difference
NESTLEIND Dec 2016 | ROE Difference=105.11% | Category: Version Difference
NESTLEIND Dec 2016 | ROCE Difference=154.93% | Category: Formula Difference
NESTLEIND Dec 2017 | ROE Difference=99.79% | Category: Version Difference
NESTLEIND Dec 2017 | ROCE Difference=149.61% | Category: Formula Difference
NESTLEIND Dec 2018 | ROE Difference=91.86% | Category: Version Difference
NESTLEIND Dec 2018 | ROCE Difference=141.68% | Category: Formula Difference
NESTLEIND Dec 2019 | ROE Difference=33.00% | Category: Version Difference
NESTLEIND Dec 2019 | ROCE Difference=82.82% | Category: Formula Difference
NESTLEIND Dec 2020 | ROE Difference=32.49% | Category: Version Difference
NESTLEIND Dec 2020 | ROCE Difference=82.31% | Category: Formula Difference
NESTLEIND Dec 2021 | ROE Difference=26.77% | Category: Version Difference
NESTLEIND Dec 2021 | ROCE Difference=76.59% | Category: Formula Difference
NESTLEIND Dec 2022 | ROE Difference=38.38% | Category: Version Difference
NESTLEIND Dec 2022 | ROCE Difference=88.20% | Category: Formula Difference
NESTLEIND Dec 2023 | ROE Difference=13.65% | Category: Version Difference
NESTLEIND Dec 2023 | ROCE Difference=63.47% | Category: Formula Difference
NESTLEIND Mar 2024 | ROE Difference=17.86% | Category: Version Difference
NESTLEIND Mar 2024 | ROCE Difference=67.68% | Category: Formula Difference
ONGC Mar 2015 | ROCE Difference=9.90% | Category: Formula Difference
ONGC Mar 2016 | ROE Difference=7.70% | Category: Version Difference
ONGC Mar 2016 | ROCE Difference=13.09% | Category: Formula Difference
ONGC Mar 2018 | ROCE Difference=6.93% | Category: Formula Difference
ONGC Mar 2020 | ROE Difference=8.73% | Category: Version Difference
ONGC Mar 2020 | ROCE Difference=14.12% | Category: Formula Difference
ONGC Mar 2021 | ROCE Difference=10.04% | Category: Formula Difference
ONGC Mar 2023 | ROCE Difference=8.03% | Category: Formula Difference
PFC Mar 2013 | ROCE Difference=8.78% | Category: Formula Difference
PFC Mar 2014 | ROCE Difference=9.89% | Category: Formula Difference
PFC Mar 2015 | ROCE Difference=8.56% | Category: Formula Difference
PFC Mar 2016 | ROCE Difference=7.20% | Category: Formula Difference
PFC Mar 2017 | ROE Difference=13.42% | Category: Version Difference
PFC Mar 2018 | ROCE Difference=12.12% | Category: Formula Difference
PFC Mar 2019 | ROE Difference=7.33% | Category: Version Difference
PFC Mar 2019 | ROCE Difference=16.86% | Category: Formula Difference
PFC Mar 2020 | ROCE Difference=9.22% | Category: Formula Difference
PFC Mar 2021 | ROE Difference=6.37% | Category: Version Difference
PFC Mar 2021 | ROCE Difference=15.90% | Category: Formula Difference
PFC Mar 2022 | ROE Difference=6.69% | Category: Version Difference
PFC Mar 2022 | ROCE Difference=16.22% | Category: Formula Difference
PFC Mar 2023 | ROE Difference=5.68% | Category: Version Difference
PFC Mar 2023 | ROCE Difference=15.21% | Category: Formula Difference
PFC Mar 2024 | ROE Difference=6.67% | Category: Version Difference
PFC Mar 2024 | ROCE Difference=16.20% | Category: Formula Difference
PIDILITIND Mar 2014 | ROCE Difference=6.65% | Category: Formula Difference
PIDILITIND Mar 2015 | ROCE Difference=7.06% | Category: Formula Difference
PIDILITIND Mar 2016 | ROE Difference=7.79% | Category: Version Difference
PIDILITIND Mar 2019 | ROCE Difference=7.33% | Category: Formula Difference
PIDILITIND Mar 2021 | ROCE Difference=9.57% | Category: Formula Difference
PIDILITIND Mar 2022 | ROCE Difference=10.85% | Category: Formula Difference
PIDILITIND Mar 2023 | ROCE Difference=11.83% | Category: Formula Difference
PIDILITIND Mar 2024 | ROCE Difference=8.92% | Category: Formula Difference
PNB Mar 2013 | ROE Difference=803.60% | Category: Version Difference
PNB Mar 2013 | ROCE Difference=810.67% | Category: Formula Difference
PNB Mar 2013 | ROE Difference=803.60% | Category: Version Difference
PNB Mar 2013 | ROCE Difference=810.67% | Category: Formula Difference
PNB Mar 2013 | ROE Difference=803.60% | Category: Version Difference
PNB Mar 2013 | ROCE Difference=810.67% | Category: Formula Difference
PNB Mar 2013 | ROE Difference=803.60% | Category: Version Difference
PNB Mar 2013 | ROCE Difference=810.67% | Category: Formula Difference
PNB Mar 2013 | ROE Difference=803.60% | Category: Version Difference
PNB Mar 2013 | ROCE Difference=810.67% | Category: Formula Difference
PNB Mar 2014 | ROE Difference=384.66% | Category: Version Difference
PNB Mar 2014 | ROCE Difference=391.73% | Category: Formula Difference
PNB Mar 2014 | ROE Difference=384.66% | Category: Version Difference
PNB Mar 2014 | ROCE Difference=391.73% | Category: Formula Difference
PNB Mar 2014 | ROE Difference=384.66% | Category: Version Difference
PNB Mar 2014 | ROCE Difference=391.73% | Category: Formula Difference
PNB Mar 2014 | ROE Difference=384.66% | Category: Version Difference
PNB Mar 2014 | ROCE Difference=391.73% | Category: Formula Difference
PNB Mar 2014 | ROE Difference=384.66% | Category: Version Difference
PNB Mar 2014 | ROCE Difference=391.73% | Category: Formula Difference
PNB Mar 2015 | ROE Difference=214.54% | Category: Version Difference
PNB Mar 2015 | ROCE Difference=221.61% | Category: Formula Difference
PNB Mar 2015 | ROE Difference=214.54% | Category: Version Difference
PNB Mar 2015 | ROCE Difference=221.61% | Category: Formula Difference
PNB Mar 2015 | ROE Difference=214.54% | Category: Version Difference
PNB Mar 2015 | ROCE Difference=221.61% | Category: Formula Difference
PNB Mar 2015 | ROE Difference=214.54% | Category: Version Difference
PNB Mar 2015 | ROCE Difference=221.61% | Category: Formula Difference
PNB Mar 2015 | ROE Difference=214.54% | Category: Version Difference
PNB Mar 2015 | ROCE Difference=221.61% | Category: Formula Difference
PNB Mar 2016 | ROE Difference=172.26% | Category: Version Difference
PNB Mar 2016 | ROCE Difference=165.19% | Category: Formula Difference
PNB Mar 2016 | ROE Difference=172.26% | Category: Version Difference
PNB Mar 2016 | ROCE Difference=165.19% | Category: Formula Difference
PNB Mar 2016 | ROE Difference=172.26% | Category: Version Difference
PNB Mar 2016 | ROCE Difference=165.19% | Category: Formula Difference
PNB Mar 2016 | ROE Difference=172.26% | Category: Version Difference
PNB Mar 2016 | ROCE Difference=165.19% | Category: Formula Difference
PNB Mar 2016 | ROE Difference=172.26% | Category: Version Difference
PNB Mar 2016 | ROCE Difference=165.19% | Category: Formula Difference
PNB Mar 2017 | ROE Difference=13.51% | Category: Version Difference
PNB Mar 2017 | ROCE Difference=20.58% | Category: Formula Difference
PNB Mar 2017 | ROE Difference=13.51% | Category: Version Difference
PNB Mar 2017 | ROCE Difference=20.58% | Category: Formula Difference
PNB Mar 2017 | ROE Difference=13.51% | Category: Version Difference
PNB Mar 2017 | ROCE Difference=20.58% | Category: Formula Difference
PNB Mar 2017 | ROE Difference=13.51% | Category: Version Difference
PNB Mar 2017 | ROCE Difference=20.58% | Category: Formula Difference
PNB Mar 2017 | ROE Difference=13.51% | Category: Version Difference
PNB Mar 2017 | ROCE Difference=20.58% | Category: Formula Difference
PNB Mar 2018 | ROE Difference=193.07% | Category: Version Difference
PNB Mar 2018 | ROCE Difference=186.00% | Category: Formula Difference
PNB Mar 2018 | ROE Difference=193.07% | Category: Version Difference
PNB Mar 2018 | ROCE Difference=186.00% | Category: Formula Difference
PNB Mar 2018 | ROE Difference=193.07% | Category: Version Difference
PNB Mar 2018 | ROCE Difference=186.00% | Category: Formula Difference
PNB Mar 2018 | ROE Difference=193.07% | Category: Version Difference
PNB Mar 2018 | ROCE Difference=186.00% | Category: Formula Difference
PNB Mar 2018 | ROE Difference=193.07% | Category: Version Difference
PNB Mar 2018 | ROCE Difference=186.00% | Category: Formula Difference
PNB Mar 2019 | ROE Difference=137.15% | Category: Version Difference
PNB Mar 2019 | ROCE Difference=130.08% | Category: Formula Difference
PNB Mar 2019 | ROE Difference=137.15% | Category: Version Difference
PNB Mar 2019 | ROCE Difference=130.08% | Category: Formula Difference
PNB Mar 2019 | ROE Difference=137.15% | Category: Version Difference
PNB Mar 2019 | ROCE Difference=130.08% | Category: Formula Difference
PNB Mar 2019 | ROE Difference=137.15% | Category: Version Difference
PNB Mar 2019 | ROCE Difference=130.08% | Category: Formula Difference
PNB Mar 2019 | ROE Difference=137.15% | Category: Version Difference
PNB Mar 2019 | ROCE Difference=130.08% | Category: Formula Difference
PNB Mar 2021 | ROE Difference=21.69% | Category: Version Difference
PNB Mar 2021 | ROCE Difference=28.76% | Category: Formula Difference
PNB Mar 2021 | ROE Difference=21.69% | Category: Version Difference
PNB Mar 2021 | ROCE Difference=28.76% | Category: Formula Difference
PNB Mar 2021 | ROE Difference=21.69% | Category: Version Difference
PNB Mar 2021 | ROCE Difference=28.76% | Category: Formula Difference
PNB Mar 2021 | ROE Difference=21.69% | Category: Version Difference
PNB Mar 2021 | ROCE Difference=28.76% | Category: Formula Difference
PNB Mar 2021 | ROE Difference=21.69% | Category: Version Difference
PNB Mar 2021 | ROCE Difference=28.76% | Category: Formula Difference
PNB Mar 2022 | ROE Difference=31.17% | Category: Version Difference
PNB Mar 2022 | ROCE Difference=38.24% | Category: Formula Difference
PNB Mar 2022 | ROE Difference=31.17% | Category: Version Difference
PNB Mar 2022 | ROCE Difference=38.24% | Category: Formula Difference
PNB Mar 2022 | ROE Difference=31.17% | Category: Version Difference
PNB Mar 2022 | ROCE Difference=38.24% | Category: Formula Difference
PNB Mar 2022 | ROE Difference=31.17% | Category: Version Difference
PNB Mar 2022 | ROCE Difference=38.24% | Category: Formula Difference
PNB Mar 2022 | ROE Difference=31.17% | Category: Version Difference
PNB Mar 2022 | ROCE Difference=38.24% | Category: Formula Difference
PNB Mar 2023 | ROE Difference=21.97% | Category: Version Difference
PNB Mar 2023 | ROCE Difference=29.04% | Category: Formula Difference
PNB Mar 2023 | ROE Difference=21.97% | Category: Version Difference
PNB Mar 2023 | ROCE Difference=29.04% | Category: Formula Difference
PNB Mar 2023 | ROE Difference=21.97% | Category: Version Difference
PNB Mar 2023 | ROCE Difference=29.04% | Category: Formula Difference
PNB Mar 2023 | ROE Difference=21.97% | Category: Version Difference
PNB Mar 2023 | ROCE Difference=29.04% | Category: Formula Difference
PNB Mar 2023 | ROE Difference=21.97% | Category: Version Difference
PNB Mar 2023 | ROCE Difference=29.04% | Category: Formula Difference
PNB Mar 2024 | ROE Difference=52.62% | Category: Version Difference
PNB Mar 2024 | ROCE Difference=59.69% | Category: Formula Difference
PNB Mar 2024 | ROE Difference=52.62% | Category: Version Difference
PNB Mar 2024 | ROCE Difference=59.69% | Category: Formula Difference
PNB Mar 2024 | ROE Difference=52.62% | Category: Version Difference
PNB Mar 2024 | ROCE Difference=59.69% | Category: Formula Difference
PNB Mar 2024 | ROE Difference=52.62% | Category: Version Difference
PNB Mar 2024 | ROCE Difference=59.69% | Category: Formula Difference
PNB Mar 2024 | ROE Difference=52.62% | Category: Version Difference
PNB Mar 2024 | ROCE Difference=59.69% | Category: Formula Difference
POWERGRID Mar 2014 | ROE Difference=5.89% | Category: Version Difference
POWERGRID Mar 2014 | ROE Difference=5.89% | Category: Version Difference
POWERGRID Mar 2015 | ROE Difference=5.87% | Category: Version Difference
POWERGRID Mar 2015 | ROE Difference=5.87% | Category: Version Difference
POWERGRID Mar 2016 | ROE Difference=5.45% | Category: Version Difference
POWERGRID Mar 2016 | ROE Difference=5.45% | Category: Version Difference
POWERGRID Mar 2022 | ROCE Difference=8.87% | Category: Formula Difference
POWERGRID Mar 2022 | ROCE Difference=8.87% | Category: Formula Difference
POWERGRID Mar 2023 | ROCE Difference=5.37% | Category: Formula Difference
POWERGRID Mar 2023 | ROCE Difference=5.37% | Category: Formula Difference
RECLTD Mar 2013 | ROCE Difference=11.87% | Category: Formula Difference
RECLTD Mar 2014 | ROCE Difference=12.79% | Category: Formula Difference
RECLTD Mar 2015 | ROCE Difference=11.31% | Category: Formula Difference
RECLTD Mar 2016 | ROCE Difference=9.70% | Category: Formula Difference
RECLTD Mar 2017 | ROCE Difference=8.75% | Category: Formula Difference
RECLTD Mar 2018 | ROE Difference=8.54% | Category: Version Difference
RECLTD Mar 2019 | ROE Difference=5.58% | Category: Version Difference
RECLTD Mar 2019 | ROCE Difference=6.62% | Category: Formula Difference
RECLTD Mar 2020 | ROE Difference=8.15% | Category: Version Difference
RECLTD Mar 2021 | ROCE Difference=9.14% | Category: Formula Difference
RECLTD Mar 2022 | ROCE Difference=9.56% | Category: Formula Difference
RECLTD Mar 2023 | ROCE Difference=9.21% | Category: Formula Difference
RECLTD Mar 2024 | ROCE Difference=10.40% | Category: Formula Difference
SBILIFE Mar 2013 | ROE Difference=11.03% | Category: Version Difference
SBILIFE Mar 2013 | ROCE Difference=9.83% | Category: Formula Difference
SBILIFE Mar 2014 | ROE Difference=9.69% | Category: Version Difference
SBILIFE Mar 2014 | ROCE Difference=8.49% | Category: Formula Difference
SBILIFE Mar 2015 | ROE Difference=8.09% | Category: Version Difference
SBILIFE Mar 2015 | ROCE Difference=6.89% | Category: Formula Difference
SBILIFE Mar 2016 | ROE Difference=5.83% | Category: Version Difference
SBILIFE Mar 2017 | ROE Difference=5.20% | Category: Version Difference
SBILIFE Mar 2018 | ROE Difference=5.62% | Category: Version Difference
SBILIFE Mar 2019 | ROE Difference=5.52% | Category: Version Difference
SHREECEM Jun 2013 | ROE Difference=13.92% | Category: Version Difference
SHREECEM Jun 2013 | ROCE Difference=11.32% | Category: Formula Difference
SHREECEM Jun 2015 | ROCE Difference=6.73% | Category: Formula Difference
SHREECEM Mar 2017 | ROE Difference=5.19% | Category: Version Difference
SHREECEM Mar 2022 | ROCE Difference=7.53% | Category: Formula Difference
SHREECEM Mar 2024 | ROCE Difference=6.43% | Category: Formula Difference
SHRIRAMFIN Mar 2013 | ROCE Difference=8.64% | Category: Formula Difference
SHRIRAMFIN Mar 2018 | ROCE Difference=7.32% | Category: Formula Difference
SHRIRAMFIN Mar 2022 | ROE Difference=5.47% | Category: Version Difference
SIEMENS Sep 2014 | ROE Difference=5.32% | Category: Version Difference
SIEMENS Sep 2014 | ROCE Difference=11.82% | Category: Formula Difference
SIEMENS Sep 2016 | ROE Difference=23.73% | Category: Version Difference
SIEMENS Sep 2016 | ROCE Difference=17.23% | Category: Formula Difference
SIEMENS Sep 2017 | ROCE Difference=10.81% | Category: Formula Difference
SIEMENS Sep 2018 | ROE Difference=8.24% | Category: Version Difference
SIEMENS Sep 2018 | ROCE Difference=14.74% | Category: Formula Difference
SIEMENS Sep 2019 | ROE Difference=6.96% | Category: Version Difference
SIEMENS Sep 2019 | ROCE Difference=13.46% | Category: Formula Difference
SIEMENS Sep 2020 | ROE Difference=11.00% | Category: Version Difference
SIEMENS Sep 2020 | ROCE Difference=17.50% | Category: Formula Difference
SIEMENS Sep 2021 | ROE Difference=8.58% | Category: Version Difference
SIEMENS Sep 2021 | ROCE Difference=15.08% | Category: Formula Difference
SIEMENS Sep 2022 | ROE Difference=5.81% | Category: Version Difference
SIEMENS Sep 2022 | ROCE Difference=12.31% | Category: Formula Difference
SIEMENS Sep 2023 | ROCE Difference=10.61% | Category: Formula Difference
SIEMENS Sep 2024 | ROCE Difference=7.90% | Category: Formula Difference
SUNPHARMA Mar 2013 | ROE Difference=6.44% | Category: Version Difference
SUNPHARMA Mar 2013 | ROCE Difference=5.84% | Category: Formula Difference
SUNPHARMA Mar 2018 | ROE Difference=10.07% | Category: Version Difference
SUNPHARMA Mar 2018 | ROCE Difference=10.67% | Category: Formula Difference
SUNPHARMA Mar 2019 | ROE Difference=8.95% | Category: Version Difference
SUNPHARMA Mar 2019 | ROCE Difference=9.55% | Category: Formula Difference
SUNPHARMA Mar 2020 | ROE Difference=7.48% | Category: Version Difference
SUNPHARMA Mar 2020 | ROCE Difference=8.08% | Category: Formula Difference
SUNPHARMA Mar 2021 | ROE Difference=11.81% | Category: Version Difference
SUNPHARMA Mar 2021 | ROCE Difference=12.41% | Category: Formula Difference
SUNPHARMA Mar 2022 | ROE Difference=9.64% | Category: Version Difference
SUNPHARMA Mar 2022 | ROCE Difference=10.24% | Category: Formula Difference
TATACONSUM Mar 2015 | ROCE Difference=5.63% | Category: Formula Difference
TATACONSUM Mar 2016 | ROE Difference=8.91% | Category: Version Difference
TATACONSUM Mar 2016 | ROCE Difference=11.19% | Category: Formula Difference
TATACONSUM Mar 2020 | ROCE Difference=7.27% | Category: Formula Difference
TATAMOTORS Mar 2013 | ROE Difference=22.89% | Category: Version Difference
TATAMOTORS Mar 2013 | ROCE Difference=6.41% | Category: Formula Difference
TATAMOTORS Mar 2014 | ROE Difference=27.98% | Category: Version Difference
TATAMOTORS Mar 2015 | ROE Difference=24.39% | Category: Version Difference
TATAMOTORS Mar 2016 | ROE Difference=34.61% | Category: Version Difference
TATAMOTORS Mar 2016 | ROCE Difference=5.31% | Category: Formula Difference
TATAMOTORS Mar 2017 | ROE Difference=36.38% | Category: Version Difference
TATAMOTORS Mar 2017 | ROCE Difference=7.08% | Category: Formula Difference
TATAMOTORS Mar 2018 | ROE Difference=39.87% | Category: Version Difference
TATAMOTORS Mar 2018 | ROCE Difference=10.57% | Category: Formula Difference
TATAMOTORS Mar 2019 | ROE Difference=97.13% | Category: Version Difference
TATAMOTORS Mar 2019 | ROCE Difference=67.83% | Category: Formula Difference
TATAMOTORS Mar 2020 | ROE Difference=68.38% | Category: Version Difference
TATAMOTORS Mar 2020 | ROCE Difference=39.08% | Category: Formula Difference
TATAMOTORS Mar 2021 | ROE Difference=73.65% | Category: Version Difference
TATAMOTORS Mar 2021 | ROCE Difference=44.35% | Category: Formula Difference
TATAMOTORS Mar 2022 | ROE Difference=74.78% | Category: Version Difference
TATAMOTORS Mar 2022 | ROCE Difference=45.48% | Category: Formula Difference
TATAMOTORS Mar 2023 | ROE Difference=43.46% | Category: Version Difference
TATAMOTORS Mar 2023 | ROCE Difference=14.16% | Category: Formula Difference
TATAMOTORS Mar 2024 | ROE Difference=11.94% | Category: Version Difference
TATAMOTORS Mar 2024 | ROCE Difference=17.36% | Category: Formula Difference
TATAPOWER Mar 2013 | ROE Difference=10.30% | Category: Version Difference
TATAPOWER Mar 2013 | ROCE Difference=10.10% | Category: Formula Difference
TATAPOWER Mar 2014 | ROE Difference=11.20% | Category: Version Difference
TATAPOWER Mar 2014 | ROCE Difference=11.00% | Category: Formula Difference
TATAPOWER Mar 2015 | ROE Difference=8.11% | Category: Version Difference
TATAPOWER Mar 2015 | ROCE Difference=7.91% | Category: Formula Difference
TATASTEEL Mar 2013 | ROE Difference=27.83% | Category: Version Difference
TATASTEEL Mar 2013 | ROCE Difference=28.30% | Category: Formula Difference
TATASTEEL Mar 2015 | ROE Difference=19.11% | Category: Version Difference
TATASTEEL Mar 2015 | ROCE Difference=19.58% | Category: Formula Difference
TATASTEEL Mar 2016 | ROE Difference=7.69% | Category: Version Difference
TATASTEEL Mar 2016 | ROCE Difference=8.16% | Category: Formula Difference
TATASTEEL Mar 2017 | ROE Difference=17.57% | Category: Version Difference
TATASTEEL Mar 2017 | ROCE Difference=18.04% | Category: Formula Difference
TATASTEEL Mar 2018 | ROE Difference=22.60% | Category: Version Difference
TATASTEEL Mar 2018 | ROCE Difference=22.13% | Category: Formula Difference
TATASTEEL Mar 2019 | ROE Difference=6.68% | Category: Version Difference
TATASTEEL Mar 2019 | ROCE Difference=6.21% | Category: Formula Difference
TATASTEEL Mar 2020 | ROCE Difference=5.42% | Category: Formula Difference
TATASTEEL Mar 2022 | ROE Difference=29.93% | Category: Version Difference
TATASTEEL Mar 2022 | ROCE Difference=29.46% | Category: Formula Difference
TATASTEEL Mar 2024 | ROE Difference=11.88% | Category: Version Difference
TATASTEEL Mar 2024 | ROCE Difference=12.35% | Category: Formula Difference
TCS Mar 2013 | ROE Difference=36.00% | Category: Version Difference
TCS Mar 2013 | ROCE Difference=27.78% | Category: Formula Difference
TCS Mar 2014 | ROE Difference=38.78% | Category: Version Difference
TCS Mar 2014 | ROCE Difference=25.00% | Category: Formula Difference
TCS Mar 2015 | ROE Difference=39.10% | Category: Version Difference
TCS Mar 2015 | ROCE Difference=24.68% | Category: Formula Difference
TCS Mar 2016 | ROE Difference=33.72% | Category: Version Difference
TCS Mar 2016 | ROCE Difference=30.06% | Category: Formula Difference
TCS Mar 2017 | ROE Difference=30.05% | Category: Version Difference
TCS Mar 2017 | ROCE Difference=33.73% | Category: Formula Difference
TCS Mar 2018 | ROE Difference=29.88% | Category: Version Difference
TCS Mar 2018 | ROCE Difference=33.90% | Category: Formula Difference
TCS Mar 2019 | ROE Difference=34.77% | Category: Version Difference
TCS Mar 2019 | ROCE Difference=29.01% | Category: Formula Difference
TCS Mar 2020 | ROE Difference=38.05% | Category: Version Difference
TCS Mar 2020 | ROCE Difference=25.73% | Category: Formula Difference
TCS Mar 2021 | ROE Difference=37.15% | Category: Version Difference
TCS Mar 2021 | ROCE Difference=26.63% | Category: Formula Difference
TCS Mar 2022 | ROE Difference=42.61% | Category: Version Difference
TCS Mar 2022 | ROCE Difference=21.17% | Category: Formula Difference
TCS Mar 2023 | ROE Difference=46.26% | Category: Version Difference
TCS Mar 2023 | ROCE Difference=17.52% | Category: Formula Difference
TCS Mar 2024 | ROE Difference=50.42% | Category: Version Difference
TCS Mar 2024 | ROCE Difference=13.36% | Category: Formula Difference
TECHM Mar 2013 | ROE Difference=15.46% | Category: Version Difference
TECHM Mar 2013 | ROCE Difference=12.19% | Category: Formula Difference
TECHM Mar 2013 | ROE Difference=15.46% | Category: Version Difference
TECHM Mar 2013 | ROCE Difference=12.19% | Category: Formula Difference
TECHM Mar 2014 | ROE Difference=24.72% | Category: Version Difference
TECHM Mar 2014 | ROCE Difference=21.45% | Category: Formula Difference
TECHM Mar 2014 | ROE Difference=24.72% | Category: Version Difference
TECHM Mar 2014 | ROCE Difference=21.45% | Category: Formula Difference
TECHM Mar 2015 | ROE Difference=13.08% | Category: Version Difference
TECHM Mar 2015 | ROCE Difference=9.81% | Category: Formula Difference
TECHM Mar 2015 | ROE Difference=13.08% | Category: Version Difference
TECHM Mar 2015 | ROCE Difference=9.81% | Category: Formula Difference
TECHM Mar 2016 | ROE Difference=12.12% | Category: Version Difference
TECHM Mar 2016 | ROCE Difference=8.85% | Category: Formula Difference
TECHM Mar 2016 | ROE Difference=12.12% | Category: Version Difference
TECHM Mar 2016 | ROCE Difference=8.85% | Category: Formula Difference
TECHM Mar 2017 | ROE Difference=8.72% | Category: Version Difference
TECHM Mar 2017 | ROCE Difference=5.45% | Category: Formula Difference
TECHM Mar 2017 | ROE Difference=8.72% | Category: Version Difference
TECHM Mar 2017 | ROCE Difference=5.45% | Category: Formula Difference
TECHM Mar 2018 | ROE Difference=11.46% | Category: Version Difference
TECHM Mar 2018 | ROCE Difference=8.19% | Category: Formula Difference
TECHM Mar 2018 | ROE Difference=11.46% | Category: Version Difference
TECHM Mar 2018 | ROCE Difference=8.19% | Category: Formula Difference
TECHM Mar 2019 | ROE Difference=12.51% | Category: Version Difference
TECHM Mar 2019 | ROCE Difference=9.24% | Category: Formula Difference
TECHM Mar 2019 | ROE Difference=12.51% | Category: Version Difference
TECHM Mar 2019 | ROCE Difference=9.24% | Category: Formula Difference
TECHM Mar 2020 | ROE Difference=9.24% | Category: Version Difference
TECHM Mar 2020 | ROCE Difference=5.97% | Category: Formula Difference
TECHM Mar 2020 | ROE Difference=9.24% | Category: Version Difference
TECHM Mar 2020 | ROCE Difference=5.97% | Category: Formula Difference
TECHM Mar 2021 | ROE Difference=8.88% | Category: Version Difference
TECHM Mar 2021 | ROCE Difference=5.61% | Category: Formula Difference
TECHM Mar 2021 | ROE Difference=8.88% | Category: Version Difference
TECHM Mar 2021 | ROCE Difference=5.61% | Category: Formula Difference
TECHM Mar 2022 | ROE Difference=12.31% | Category: Version Difference
TECHM Mar 2022 | ROCE Difference=9.04% | Category: Formula Difference
TECHM Mar 2022 | ROE Difference=12.31% | Category: Version Difference
TECHM Mar 2022 | ROCE Difference=9.04% | Category: Formula Difference
TECHM Mar 2023 | ROE Difference=8.76% | Category: Version Difference
TECHM Mar 2023 | ROCE Difference=5.49% | Category: Formula Difference
TECHM Mar 2023 | ROE Difference=8.76% | Category: Version Difference
TECHM Mar 2023 | ROCE Difference=5.49% | Category: Formula Difference
TITAN Mar 2013 | ROCE Difference=14.10% | Category: Formula Difference
TITAN Mar 2014 | ROCE Difference=6.43% | Category: Formula Difference
TITAN Mar 2015 | ROE Difference=6.44% | Category: Version Difference
TITAN Mar 2016 | ROE Difference=13.65% | Category: Version Difference
TITAN Mar 2017 | ROE Difference=16.43% | Category: Version Difference
TITAN Mar 2017 | ROCE Difference=6.23% | Category: Formula Difference
TITAN Mar 2018 | ROE Difference=11.25% | Category: Version Difference
TITAN Mar 2019 | ROE Difference=10.02% | Category: Version Difference
TITAN Mar 2020 | ROE Difference=10.51% | Category: Version Difference
TITAN Mar 2021 | ROE Difference=19.91% | Category: Version Difference
TITAN Mar 2021 | ROCE Difference=9.71% | Category: Formula Difference
TITAN Mar 2022 | ROE Difference=9.27% | Category: Version Difference
TITAN Mar 2023 | ROE Difference=5.27% | Category: Version Difference
TITAN Mar 2024 | ROCE Difference=14.52% | Category: Formula Difference
TORNTPHARM Mar 2013 | ROE Difference=6.39% | Category: Version Difference
TORNTPHARM Mar 2013 | ROCE Difference=7.39% | Category: Formula Difference
TORNTPHARM Mar 2014 | ROE Difference=10.69% | Category: Version Difference
TORNTPHARM Mar 2014 | ROCE Difference=11.69% | Category: Formula Difference
TORNTPHARM Mar 2015 | ROE Difference=5.95% | Category: Version Difference
TORNTPHARM Mar 2015 | ROCE Difference=6.95% | Category: Formula Difference
TORNTPHARM Mar 2016 | ROE Difference=25.40% | Category: Version Difference
TORNTPHARM Mar 2016 | ROCE Difference=26.40% | Category: Formula Difference
TORNTPHARM Mar 2018 | ROE Difference=9.53% | Category: Version Difference
TORNTPHARM Mar 2018 | ROCE Difference=8.53% | Category: Formula Difference
TORNTPHARM Mar 2019 | ROE Difference=14.97% | Category: Version Difference
TORNTPHARM Mar 2019 | ROCE Difference=13.97% | Category: Formula Difference
TORNTPHARM Mar 2022 | ROE Difference=11.15% | Category: Version Difference
TORNTPHARM Mar 2022 | ROCE Difference=10.15% | Category: Formula Difference
TRENT Mar 2013 | ROE Difference=29.39% | Category: Version Difference
TRENT Mar 2013 | ROCE Difference=25.99% | Category: Formula Difference
TRENT Mar 2014 | ROE Difference=29.12% | Category: Version Difference
TRENT Mar 2014 | ROCE Difference=25.72% | Category: Formula Difference
TRENT Mar 2015 | ROE Difference=18.13% | Category: Version Difference
TRENT Mar 2015 | ROCE Difference=14.73% | Category: Formula Difference
TRENT Mar 2016 | ROE Difference=23.44% | Category: Version Difference
TRENT Mar 2016 | ROCE Difference=20.04% | Category: Formula Difference
TRENT Mar 2017 | ROE Difference=21.71% | Category: Version Difference
TRENT Mar 2017 | ROCE Difference=18.31% | Category: Formula Difference
TRENT Mar 2018 | ROE Difference=21.75% | Category: Version Difference
TRENT Mar 2018 | ROCE Difference=18.35% | Category: Formula Difference
TRENT Mar 2019 | ROE Difference=21.43% | Category: Version Difference
TRENT Mar 2019 | ROCE Difference=18.03% | Category: Formula Difference
TRENT Mar 2020 | ROE Difference=22.76% | Category: Version Difference
TRENT Mar 2020 | ROCE Difference=19.36% | Category: Formula Difference
TRENT Mar 2021 | ROE Difference=35.03% | Category: Version Difference
TRENT Mar 2021 | ROCE Difference=31.63% | Category: Formula Difference
TRENT Mar 2022 | ROE Difference=25.72% | Category: Version Difference
TRENT Mar 2022 | ROCE Difference=22.32% | Category: Formula Difference
TRENT Mar 2023 | ROE Difference=12.02% | Category: Version Difference
TRENT Mar 2023 | ROCE Difference=8.62% | Category: Formula Difference
TRENT Mar 2024 | ROE Difference=9.11% | Category: Version Difference
TRENT Mar 2024 | ROCE Difference=12.51% | Category: Formula Difference
INDIGO Mar 2013 | ROCE Difference=17861.86% | Category: Formula Difference
INDIGO Mar 2014 | ROCE Difference=10748.23% | Category: Formula Difference
INDIGO Mar 2015 | ROCE Difference=4914.89% | Category: Formula Difference
INDIGO Mar 2016 | ROCE Difference=1510.28% | Category: Formula Difference
INDIGO Mar 2017 | ROCE Difference=1668.36% | Category: Formula Difference
INDIGO Mar 2018 | ROCE Difference=2217.50% | Category: Formula Difference
INDIGO Mar 2019 | ROCE Difference=96.43% | Category: Formula Difference
INDIGO Mar 2020 | ROCE Difference=163.05% | Category: Formula Difference
INDIGO Mar 2021 | ROCE Difference=1118.65% | Category: Formula Difference
INDIGO Mar 2022 | ROCE Difference=73.27% | Category: Formula Difference
INDIGO Mar 2023 | ROCE Difference=65.30% | Category: Formula Difference
INDIGO Mar 2024 | ROCE Difference=868.07% | Category: Formula Difference

============================================================
Financial Sector Carve-out
============================================================
HDFCBANK: High leverage warning suppressed.
ICICIBANK: High leverage warning suppressed.
SBIN: High leverage warning suppressed.
KOTAKBANK: High leverage warning suppressed.
AXISBANK: High leverage warning suppressed.
INDUSINDBK: High leverage warning suppressed.
BANKBARODA: High leverage warning suppressed.
PNB: High leverage warning suppressed.
IDBI: High leverage warning suppressed.
FEDERALBNK: High leverage warning suppressed.
AUBANK: High leverage warning suppressed.
BAJFINANCE: High leverage warning suppressed.
BAJAJFINSV: High leverage warning suppressed.
SBICARD: High leverage warning suppressed.
ICICIPRULI: High leverage warning suppressed.
HDFCLIFE: High leverage warning suppressed.
SBILIFE: High leverage warning suppressed.
LICI: High leverage warning suppressed.
PFC: High leverage warning suppressed.
